fafyecuvau: MISS (1/100 full; no eviction)
dbmreorhhq: MISS (2/100 full; no eviction)
qlauanlfbq: MISS (3/100 full; no eviction)
pmbssbytld: MISS (4/100 full; no eviction)
kjyslyjgxa: MISS (5/100 full; no eviction)
rfuvehllwr: MISS (6/100 full; no eviction)
zmjfmyigoj: MISS (7/100 full; no eviction)
octqcxwwau: MISS (8/100 full; no eviction)
tmcgleaqbl: MISS (9/100 full; no eviction)
lzfnyhboyo: MISS (10/100 full; no eviction)
lzmxkmpgxq: MISS (11/100 full; no eviction)
mhonxelzjr: MISS (12/100 full; no eviction)
fafyecuvau: HIT
lqnelcelre: MISS (13/100 full; no eviction)
pmbssbytld: HIT
romjhusjvk: MISS (14/100 full; no eviction)
tbtsqcldra: MISS (15/100 full; no eviction)
fafyecuvau: HIT
cvgtfrrori: MISS (16/100 full; no eviction)
bfucjwuxkb: MISS (17/100 full; no eviction)
bbgorbgfnl: MISS (18/100 full; no eviction)
yubkhbxlrz: MISS (19/100 full; no eviction)
ueqgbkzapf: MISS (20/100 full; no eviction)
xrurpsgqqy: MISS (21/100 full; no eviction)
fsfmpheiri: MISS (22/100 full; no eviction)
ysjabixejv: MISS (23/100 full; no eviction)
skjoaqwlmu: MISS (24/100 full; no eviction)
ttflhqemsv: MISS (25/100 full; no eviction)
hghombcitn: MISS (26/100 full; no eviction)
hwmlwzajdu: MISS (27/100 full; no eviction)
octqcxwwau: HIT
cgivotyfpw: MISS (28/100 full; no eviction)
szhxxineph: MISS (29/100 full; no eviction)
bhoqiknnwd: MISS (30/100 full; no eviction)
fcgqrnwkur: MISS (31/100 full; no eviction)
zidpzoksfd: MISS (32/100 full; no eviction)
lqnelcelre: HIT
ohcidwwxhp: MISS (33/100 full; no eviction)
bradvukwle: MISS (34/100 full; no eviction)
nrnsnflewy: MISS (35/100 full; no eviction)
sjtniywdhq: MISS (36/100 full; no eviction)
ttflhqemsv: HIT
xrurpsgqqy: HIT
nypjnhnghe: MISS (37/100 full; no eviction)
hevxsfyebl: MISS (38/100 full; no eviction)
sjtniywdhq: HIT
xgkfkdudhb: MISS (39/100 full; no eviction)
ysjabixejv: HIT
xbzlwqltje: MISS (40/100 full; no eviction)
lfqbfwejba: MISS (41/100 full; no eviction)
ktnvjsmhdt: MISS (42/100 full; no eviction)
btyvtmfqhq: MISS (43/100 full; no eviction)
bpokwokvns: MISS (44/100 full; no eviction)
lpwumpbrot: MISS (45/100 full; no eviction)
muxvgenlmf: MISS (46/100 full; no eviction)
jzlazxipvn: MISS (47/100 full; no eviction)
kytdbnwffm: MISS (48/100 full; no eviction)
lzfnyhboyo: HIT
fhajgudfwi: MISS (49/100 full; no eviction)
rzbcksygqk: MISS (50/100 full; no eviction)
yxtgvryhln: MISS (51/100 full; no eviction)
ueuraxwsdt: MISS (52/100 full; no eviction)
uoopmwuhcl: MISS (53/100 full; no eviction)
kioehxoade: MISS (54/100 full; no eviction)
vashxdhomg: MISS (55/100 full; no eviction)
qyzqhybhbh: MISS (56/100 full; no eviction)
qfsvnududx: MISS (57/100 full; no eviction)
ulcucsafge: MISS (58/100 full; no eviction)
ddkdmnrqww: MISS (59/100 full; no eviction)
eacfkvlpvd: MISS (60/100 full; no eviction)
pjkeulvlhs: MISS (61/100 full; no eviction)
seeypvrgwy: MISS (62/100 full; no eviction)
rcrhpjdvjn: MISS (63/100 full; no eviction)
sblqxmrbgr: MISS (64/100 full; no eviction)
fhajgudfwi: HIT
riplpjpjup: MISS (65/100 full; no eviction)
enzhfujmpk: MISS (66/100 full; no eviction)
bvntredwvz: MISS (67/100 full; no eviction)
djaaucafvr: MISS (68/100 full; no eviction)
anewtbdmde: MISS (69/100 full; no eviction)
gwbdhocnxo: MISS (70/100 full; no eviction)
rpsofnpogc: MISS (71/100 full; no eviction)
exegqiafal: MISS (72/100 full; no eviction)
jvwgxymroa: MISS (73/100 full; no eviction)
gwbdhocnxo: HIT
kfnzioivgw: MISS (74/100 full; no eviction)
lzmxkmpgxq: HIT
zhfcbuqrcl: MISS (75/100 full; no eviction)
tocanruzuu: MISS (76/100 full; no eviction)
rpsofnpogc: HIT
dswfrufooj: MISS (77/100 full; no eviction)
yuouaphjkx: MISS (78/100 full; no eviction)
euwcwiisxt: MISS (79/100 full; no eviction)
ucfengjgjj: MISS (80/100 full; no eviction)
rfuvehllwr: HIT
ehmtzbxtlz: MISS (81/100 full; no eviction)
hevxsfyebl: HIT
afqqwvctyj: MISS (82/100 full; no eviction)
larfdchczk: MISS (83/100 full; no eviction)
ueqgbkzapf: HIT
bradvukwle: HIT
xwkomrcgij: MISS (84/100 full; no eviction)
anewtbdmde: HIT
mxoqsfbsea: MISS (85/100 full; no eviction)
wydrohgfjv: MISS (86/100 full; no eviction)
bfucjwuxkb: HIT
lpwumpbrot: HIT
xattfjtjow: MISS (87/100 full; no eviction)
bkcptsdkxd: MISS (88/100 full; no eviction)
ehmtzbxtlz: HIT
xdjsajbkjy: MISS (89/100 full; no eviction)
fyekdjykua: MISS (90/100 full; no eviction)
exegqiafal: HIT
yubkhbxlrz: HIT
dpqvqjsmec: MISS (91/100 full; no eviction)
btyvtmfqhq: HIT
yuouaphjkx: HIT
boerpxuowh: MISS (92/100 full; no eviction)
bbgorbgfnl: HIT
altbnpdbtq: MISS (93/100 full; no eviction)
boerpxuowh: HIT
cmxizvuncg: MISS (94/100 full; no eviction)
tfnjoyxqps: MISS (95/100 full; no eviction)
qzzyqhdnjo: MISS (96/100 full; no eviction)
jgbtwrzrdf: MISS (97/100 full; no eviction)
btyvtmfqhq: HIT
dyydzyilwe: MISS (98/100 full; no eviction)
vmpzwlhsto: MISS (99/100 full; no eviction)
dbmreorhhq: HIT
ixbloxydqa: MISS (100/100 full; no eviction)
tnarxdnenr: MISS (100/100 full; evicted 'qlauanlfbq')
fvsiokzbez: MISS (100/100 full; evicted 'kjyslyjgxa')
uqitvhwzin: MISS (100/100 full; evicted 'zmjfmyigoj')
qyzqhybhbh: HIT
kytdbnwffm: HIT
dyydzyilwe: HIT
vhnozntvio: MISS (100/100 full; evicted 'tmcgleaqbl')
bhoqiknnwd: HIT
xattfjtjow: HIT
mhonxelzjr: HIT
djaaucafvr: HIT
txzbszjyld: MISS (100/100 full; evicted 'pmbssbytld')
zrbvdatfqj: MISS (100/100 full; evicted 'romjhusjvk')
lzfnyhboyo: HIT
xwkomrcgij: HIT
lrivxzmnnq: MISS (100/100 full; evicted 'tbtsqcldra')
emybthyxgc: MISS (100/100 full; evicted 'fafyecuvau')
tocanruzuu: HIT
bbxivkualx: MISS (100/100 full; evicted 'cvgtfrrori')
ywqayuiorv: MISS (100/100 full; evicted 'fsfmpheiri')
ftgkkgjemo: MISS (100/100 full; evicted 'skjoaqwlmu')
ugpjnjmlsg: MISS (100/100 full; evicted 'hghombcitn')
uoopmwuhcl: HIT
qryoqauiet: MISS (100/100 full; evicted 'hwmlwzajdu')
vhnozntvio: HIT
pjkeulvlhs: HIT
bpqlcmlyyi: MISS (100/100 full; evicted 'octqcxwwau')
wpfcbmhfms: MISS (100/100 full; evicted 'cgivotyfpw')
ohcidwwxhp: HIT
kytdbnwffm: HIT
ucfengjgjj: HIT
zidpzoksfd: HIT
jxitssqjfh: MISS (100/100 full; evicted 'szhxxineph')
bpqlcmlyyi: HIT
pnjbenecip: MISS (100/100 full; evicted 'fcgqrnwkur')
afdgyeiaah: MISS (100/100 full; evicted 'lqnelcelre')
lfqbfwejba: HIT
wxlrgdaxla: MISS (100/100 full; evicted 'nrnsnflewy')
lhrtganqcv: MISS (100/100 full; evicted 'ttflhqemsv')
lhhefagedx: MISS (100/100 full; evicted 'xrurpsgqqy')
gfuywqusvn: MISS (100/100 full; evicted 'nypjnhnghe')
ugpjnjmlsg: HIT
jgbtwrzrdf: HIT
kioehxoade: HIT
pgclfyzhfz: MISS (100/100 full; evicted 'sjtniywdhq')
txzbszjyld: HIT
txzbszjyld: HIT
vhnozntvio: HIT
afdgyeiaah: HIT
qkrlhtegpi: MISS (100/100 full; evicted 'xgkfkdudhb')
fcgqrnwkur: MISS (100/100 full; evicted 'ysjabixejv')
qfsvnududx: HIT
wssiqotoir: MISS (100/100 full; evicted 'xbzlwqltje')
pmbssbytld: MISS (100/100 full; evicted 'ktnvjsmhdt')
dyydzyilwe: HIT
ysjabixejv: MISS (100/100 full; evicted 'bpokwokvns')
xrurpsgqqy: MISS (100/100 full; evicted 'muxvgenlmf')
ddkdmnrqww: HIT
nrnsnflewy: MISS (100/100 full; evicted 'jzlazxipvn')
djaaucafvr: HIT
zrbvdatfqj: HIT
pmbssbytld: HIT
gediitvifk: MISS (100/100 full; evicted 'rzbcksygqk')
vkszixltaw: MISS (100/100 full; evicted 'yxtgvryhln')
bbgorbgfnl: HIT
xbzlwqltje: MISS (100/100 full; evicted 'ueuraxwsdt')
mecnvowfmv: MISS (100/100 full; evicted 'vashxdhomg')
ntfirudrux: MISS (100/100 full; evicted 'ulcucsafge')
dbmreorhhq: HIT
mhonxelzjr: HIT
rpsofnpogc: HIT
jdxowwcsll: MISS (100/100 full; evicted 'eacfkvlpvd')
hfnfglnmyt: MISS (100/100 full; evicted 'seeypvrgwy')
ddkdmnrqww: HIT
euwcwiisxt: HIT
mhonxelzjr: HIT
gediitvifk: HIT
blxfdsvush: MISS (100/100 full; evicted 'rcrhpjdvjn')
ywqayuiorv: HIT
osvgltapso: MISS (100/100 full; evicted 'sblqxmrbgr')
ajwbwyoukn: MISS (100/100 full; evicted 'fhajgudfwi')
bfucjwuxkb: HIT
ftgkkgjemo: HIT
ddkdmnrqww: HIT
ixnjumiqnn: MISS (100/100 full; evicted 'riplpjpjup')
rjerfvawnq: MISS (100/100 full; evicted 'enzhfujmpk')
vkszixltaw: HIT
ucfengjgjj: HIT
octqcxwwau: MISS (100/100 full; evicted 'bvntredwvz')
bbxivkualx: HIT
afqqwvctyj: HIT
tyryazmpou: MISS (100/100 full; evicted 'jvwgxymroa')
qyzqhybhbh: HIT
kdkfncufcw: MISS (100/100 full; evicted 'gwbdhocnxo')
xattfjtjow: HIT
dyydzyilwe: HIT
tocanruzuu: HIT
rzbcksygqk: MISS (100/100 full; evicted 'kfnzioivgw')
pjkeulvlhs: HIT
bvntredwvz: MISS (100/100 full; evicted 'lzmxkmpgxq')
zvooyxjttn: MISS (100/100 full; evicted 'zhfcbuqrcl')
mhnsudseky: MISS (100/100 full; evicted 'dswfrufooj')
chznydpdcl: MISS (100/100 full; evicted 'rfuvehllwr')
eacfkvlpvd: MISS (100/100 full; evicted 'hevxsfyebl')
zpsjlozvqa: MISS (100/100 full; evicted 'larfdchczk')
bvntredwvz: HIT
qyjmdnolgq: MISS (100/100 full; evicted 'ueqgbkzapf')
dhsottjgrz: MISS (100/100 full; evicted 'bradvukwle')
hwmlwzajdu: MISS (100/100 full; evicted 'anewtbdmde')
acjygqdxjm: MISS (100/100 full; evicted 'mxoqsfbsea')
ueqgbkzapf: MISS (100/100 full; evicted 'wydrohgfjv')
pgclfyzhfz: HIT
pjkeulvlhs: HIT
pjkeulvlhs: HIT
acjygqdxjm: HIT
cvgtfrrori: MISS (100/100 full; evicted 'lpwumpbrot')
euwcwiisxt: HIT
lfqbfwejba: HIT
bkcptsdkxd: HIT
rcrhpjdvjn: MISS (100/100 full; evicted 'ehmtzbxtlz')
bpokwokvns: MISS (100/100 full; evicted 'xdjsajbkjy')
sjtniywdhq: MISS (100/100 full; evicted 'fyekdjykua')
fcgqrnwkur: HIT
tmcgleaqbl: MISS (100/100 full; evicted 'exegqiafal')
dbmreorhhq: HIT
xattfjtjow: HIT
pnjbenecip: HIT
xoywfulmdk: MISS (100/100 full; evicted 'yubkhbxlrz')
xwkomrcgij: HIT
djaaucafvr: HIT
krzmuiyzsb: MISS (100/100 full; evicted 'dpqvqjsmec')
romjhusjvk: MISS (100/100 full; evicted 'yuouaphjkx')
afdgyeiaah: HIT
dswfrufooj: MISS (100/100 full; evicted 'altbnpdbtq')
xwkomrcgij: HIT
iesqhsmjvs: MISS (100/100 full; evicted 'boerpxuowh')
octqcxwwau: HIT
nhrtwweqkf: MISS (100/100 full; evicted 'cmxizvuncg')
udbzyzrprr: MISS (100/100 full; evicted 'tfnjoyxqps')
zrbvdatfqj: HIT
pmbssbytld: HIT
fhmvjwuvwb: MISS (100/100 full; evicted 'qzzyqhdnjo')
plqqpaybgv: MISS (100/100 full; evicted 'btyvtmfqhq')
ucfengjgjj: HIT
qyffcxfaxw: MISS (100/100 full; evicted 'vmpzwlhsto')
nypjnhnghe: MISS (100/100 full; evicted 'ixbloxydqa')
xattfjtjow: HIT
xwkomrcgij: HIT
rzbcksygqk: HIT
qoguhssbmd: MISS (100/100 full; evicted 'tnarxdnenr')
xgkfkdudhb: MISS (100/100 full; evicted 'fvsiokzbez')
qoguhssbmd: HIT
nypjnhnghe: HIT
rfuvehllwr: MISS (100/100 full; evicted 'uqitvhwzin')
jotspcjifj: MISS (100/100 full; evicted 'bhoqiknnwd')
peqfzmzedy: MISS (100/100 full; evicted 'lzfnyhboyo')
vhnozntvio: HIT
lzpbgkiwyq: MISS (100/100 full; evicted 'lrivxzmnnq')
kytdbnwffm: HIT
dpqvqjsmec: MISS (100/100 full; evicted 'emybthyxgc')
bfucjwuxkb: HIT
bhoqiknnwd: MISS (100/100 full; evicted 'uoopmwuhcl')
pjkeulvlhs: HIT
lzfnyhboyo: MISS (100/100 full; evicted 'qryoqauiet')
ulcucsafge: MISS (100/100 full; evicted 'wpfcbmhfms')
anewtbdmde: MISS (100/100 full; evicted 'ohcidwwxhp')
eqnjwvrmud: MISS (100/100 full; evicted 'zidpzoksfd')
nrnsnflewy: HIT
gircvlkbpb: MISS (100/100 full; evicted 'jxitssqjfh')
hevxsfyebl: MISS (100/100 full; evicted 'bpqlcmlyyi')
vadhminksi: MISS (100/100 full; evicted 'wxlrgdaxla')
ixnjumiqnn: HIT
hgsfhulumi: MISS (100/100 full; evicted 'lhrtganqcv')
zidpzoksfd: MISS (100/100 full; evicted 'lhhefagedx')
uwrjfpkhya: MISS (100/100 full; evicted 'gfuywqusvn')
hfnfglnmyt: HIT
acjygqdxjm: HIT
xrurpsgqqy: HIT
licqdakoaq: MISS (100/100 full; evicted 'ugpjnjmlsg')
gnebmewerf: MISS (100/100 full; evicted 'jgbtwrzrdf')
ezobhgxcnr: MISS (100/100 full; evicted 'kioehxoade')
jzlazxipvn: MISS (100/100 full; evicted 'txzbszjyld')
ymjmrcbaqk: MISS (100/100 full; evicted 'qkrlhtegpi')
jvwgxymroa: MISS (100/100 full; evicted 'qfsvnududx')
larfdchczk: MISS (100/100 full; evicted 'wssiqotoir')
cgivotyfpw: MISS (100/100 full; evicted 'ysjabixejv')
mfbrypovud: MISS (100/100 full; evicted 'bbgorbgfnl')
afdgyeiaah: HIT
zrbvdatfqj: HIT
cvgtfrrori: HIT
cmxizvuncg: MISS (100/100 full; evicted 'xbzlwqltje')
seeypvrgwy: MISS (100/100 full; evicted 'mecnvowfmv')
zrbvdatfqj: HIT
gfuywqusvn: MISS (100/100 full; evicted 'ntfirudrux')
pnjbenecip: HIT
jaovclguch: MISS (100/100 full; evicted 'rpsofnpogc')
afdgyeiaah: HIT
jgbtwrzrdf: MISS (100/100 full; evicted 'jdxowwcsll')
mxoqsfbsea: MISS (100/100 full; evicted 'mhonxelzjr')
gircvlkbpb: HIT
ixbloxydqa: MISS (100/100 full; evicted 'gediitvifk')
bbgorbgfnl: MISS (100/100 full; evicted 'blxfdsvush')
dyydzyilwe: HIT
tdbuwjcqnl: MISS (100/100 full; evicted 'ywqayuiorv')
paxxjnasoo: MISS (100/100 full; evicted 'osvgltapso')
nypjnhnghe: HIT
wssiqotoir: MISS (100/100 full; evicted 'ajwbwyoukn')
fafyecuvau: MISS (100/100 full; evicted 'ftgkkgjemo')
lfqbfwejba: HIT
qyzqhybhbh: HIT
enzhfujmpk: MISS (100/100 full; evicted 'ddkdmnrqww')
nypjnhnghe: HIT
krzmuiyzsb: HIT
exegqiafal: MISS (100/100 full; evicted 'rjerfvawnq')
muxvgenlmf: MISS (100/100 full; evicted 'vkszixltaw')
wxlrgdaxla: MISS (100/100 full; evicted 'bbxivkualx')
ddkdmnrqww: MISS (100/100 full; evicted 'afqqwvctyj')
dbmreorhhq: HIT
vpdavnzghy: MISS (100/100 full; evicted 'tyryazmpou')
gircvlkbpb: HIT
pgclfyzhfz: HIT
vmpzwlhsto: MISS (100/100 full; evicted 'kdkfncufcw')
rcrhpjdvjn: HIT
fyekdjykua: MISS (100/100 full; evicted 'tocanruzuu')
ftgkkgjemo: MISS (100/100 full; evicted 'zvooyxjttn')
bpqlcmlyyi: MISS (100/100 full; evicted 'mhnsudseky')
osvgltapso: MISS (100/100 full; evicted 'chznydpdcl')
cpmawzlbxr: MISS (100/100 full; evicted 'eacfkvlpvd')
yxtgvryhln: MISS (100/100 full; evicted 'zpsjlozvqa')
yxtgvryhln: HIT
fyekdjykua: HIT
ugpjnjmlsg: MISS (100/100 full; evicted 'bvntredwvz')
acjygqdxjm: HIT
lfqbfwejba: HIT
jzlazxipvn: HIT
uoopmwuhcl: MISS (100/100 full; evicted 'qyjmdnolgq')
csnpizegmk: MISS (100/100 full; evicted 'dhsottjgrz')
vmpzwlhsto: HIT
vhnozntvio: HIT
tfnjoyxqps: MISS (100/100 full; evicted 'hwmlwzajdu')
qkrlhtegpi: MISS (100/100 full; evicted 'ueqgbkzapf')
udbzyzrprr: HIT
gkkxylkwqz: MISS (100/100 full; evicted 'euwcwiisxt')
csnpizegmk: HIT
sblqxmrbgr: MISS (100/100 full; evicted 'bkcptsdkxd')
cgivotyfpw: HIT
mxoqsfbsea: HIT
fztjnnamyf: MISS (100/100 full; evicted 'bpokwokvns')
tiyznwbjkq: MISS (100/100 full; evicted 'sjtniywdhq')
tdbuwjcqnl: HIT
rshccnoewp: MISS (100/100 full; evicted 'fcgqrnwkur')
lhhefagedx: MISS (100/100 full; evicted 'tmcgleaqbl')
gfuywqusvn: HIT
ueuraxwsdt: MISS (100/100 full; evicted 'xoywfulmdk')
buhxvzsvts: MISS (100/100 full; evicted 'djaaucafvr')
ywqayuiorv: MISS (100/100 full; evicted 'romjhusjvk')
fcgqrnwkur: MISS (100/100 full; evicted 'dswfrufooj')
ueuraxwsdt: HIT
xrurpsgqqy: HIT
ywfogaiggf: MISS (100/100 full; evicted 'iesqhsmjvs')
ewxnafevbg: MISS (100/100 full; evicted 'octqcxwwau')
ajecnjnegj: MISS (100/100 full; evicted 'nhrtwweqkf')
sblqxmrbgr: HIT
romjhusjvk: MISS (100/100 full; evicted 'pmbssbytld')
altbnpdbtq: MISS (100/100 full; evicted 'fhmvjwuvwb')
uwrjfpkhya: HIT
qryoqauiet: MISS (100/100 full; evicted 'plqqpaybgv')
wydrohgfjv: MISS (100/100 full; evicted 'ucfengjgjj')
enzhfujmpk: HIT
ugpjnjmlsg: HIT
nhrtwweqkf: MISS (100/100 full; evicted 'qyffcxfaxw')
bbxivkualx: MISS (100/100 full; evicted 'xattfjtjow')
dbmreorhhq: HIT
rcrhpjdvjn: HIT
yuouaphjkx: MISS (100/100 full; evicted 'xwkomrcgij')
xoywfulmdk: MISS (100/100 full; evicted 'rzbcksygqk')
riplpjpjup: MISS (100/100 full; evicted 'xgkfkdudhb')
skjoaqwlmu: MISS (100/100 full; evicted 'qoguhssbmd')
qryoqauiet: HIT
euwcwiisxt: MISS (100/100 full; evicted 'rfuvehllwr')
altbnpdbtq: HIT
udbzyzrprr: HIT
hwmlwzajdu: MISS (100/100 full; evicted 'jotspcjifj')
gnebmewerf: HIT
ehmtzbxtlz: MISS (100/100 full; evicted 'peqfzmzedy')
zhfcbuqrcl: MISS (100/100 full; evicted 'lzpbgkiwyq')
plqqpaybgv: MISS (100/100 full; evicted 'kytdbnwffm')
gkkxylkwqz: HIT
ulcucsafge: HIT
muxvgenlmf: HIT
euwcwiisxt: HIT
acjygqdxjm: HIT
lpwumpbrot: MISS (100/100 full; evicted 'dpqvqjsmec')
udbzyzrprr: HIT
mecnvowfmv: MISS (100/100 full; evicted 'bfucjwuxkb')
ntfirudrux: MISS (100/100 full; evicted 'bhoqiknnwd')
ehmtzbxtlz: HIT
lzfnyhboyo: HIT
vashxdhomg: MISS (100/100 full; evicted 'pjkeulvlhs')
ohcidwwxhp: MISS (100/100 full; evicted 'anewtbdmde')
vashxdhomg: HIT
ezobhgxcnr: HIT
ucfengjgjj: MISS (100/100 full; evicted 'eqnjwvrmud')
lpwumpbrot: HIT
gediitvifk: MISS (100/100 full; evicted 'nrnsnflewy')
zpsjlozvqa: MISS (100/100 full; evicted 'hevxsfyebl')
maqmwjvtku: MISS (100/100 full; evicted 'vadhminksi')
ytdfsxswlj: MISS (100/100 full; evicted 'ixnjumiqnn')
peqfzmzedy: MISS (100/100 full; evicted 'hgsfhulumi')
rfuvehllwr: MISS (100/100 full; evicted 'zidpzoksfd')
tocanruzuu: MISS (100/100 full; evicted 'hfnfglnmyt')
fvsiokzbez: MISS (100/100 full; evicted 'licqdakoaq')
ajecnjnegj: HIT
ajecnjnegj: HIT
zhfcbuqrcl: HIT
ueqgbkzapf: MISS (100/100 full; evicted 'ymjmrcbaqk')
xdjsajbkjy: MISS (100/100 full; evicted 'jvwgxymroa')
tocanruzuu: HIT
ugpjnjmlsg: HIT
fcgqrnwkur: HIT
jgbtwrzrdf: HIT
jaovclguch: HIT
kytdbnwffm: MISS (100/100 full; evicted 'larfdchczk')
ohcidwwxhp: HIT
ugpjnjmlsg: HIT
ttflhqemsv: MISS (100/100 full; evicted 'mfbrypovud')
bhoqiknnwd: MISS (100/100 full; evicted 'cvgtfrrori')
ewxnafevbg: HIT
dhsottjgrz: MISS (100/100 full; evicted 'cmxizvuncg')
buhxvzsvts: HIT
dpqvqjsmec: MISS (100/100 full; evicted 'seeypvrgwy')
jktrivgswu: MISS (100/100 full; evicted 'zrbvdatfqj')
afdgyeiaah: HIT
csnpizegmk: HIT
lzpbgkiwyq: MISS (100/100 full; evicted 'pnjbenecip')
hevxsfyebl: MISS (100/100 full; evicted 'ixbloxydqa')
bpqlcmlyyi: HIT
acjygqdxjm: HIT
susgtbofpg: MISS (100/100 full; evicted 'bbgorbgfnl')
eacfkvlpvd: MISS (100/100 full; evicted 'dyydzyilwe')
btyvtmfqhq: MISS (100/100 full; evicted 'paxxjnasoo')
tocanruzuu: HIT
riplpjpjup: HIT
sblqxmrbgr: HIT
fhajgudfwi: MISS (100/100 full; evicted 'wssiqotoir')
iesqhsmjvs: MISS (100/100 full; evicted 'fafyecuvau')
gkkxylkwqz: HIT
ucfengjgjj: HIT
xoywfulmdk: HIT
osvgltapso: HIT
ktnvjsmhdt: MISS (100/100 full; evicted 'qyzqhybhbh')
zpsjlozvqa: HIT
cgivotyfpw: HIT
jclsatgeak: MISS (100/100 full; evicted 'nypjnhnghe')
seeypvrgwy: MISS (100/100 full; evicted 'krzmuiyzsb')
pgclfyzhfz: HIT
buhxvzsvts: HIT
uqitvhwzin: MISS (100/100 full; evicted 'exegqiafal')
fsfmpheiri: MISS (100/100 full; evicted 'wxlrgdaxla')
tdbuwjcqnl: HIT
eacfkvlpvd: HIT
mshtbelhtm: MISS (100/100 full; evicted 'ddkdmnrqww')
kjyslyjgxa: MISS (100/100 full; evicted 'vpdavnzghy')
hevxsfyebl: HIT
skjoaqwlmu: HIT
nypjnhnghe: MISS (100/100 full; evicted 'gircvlkbpb')
jclsatgeak: HIT
lhrtganqcv: MISS (100/100 full; evicted 'ftgkkgjemo')
kytdbnwffm: HIT
exegqiafal: MISS (100/100 full; evicted 'cpmawzlbxr')
xbzlwqltje: MISS (100/100 full; evicted 'yxtgvryhln')
lhrtganqcv: HIT
cvgtfrrori: MISS (100/100 full; evicted 'fyekdjykua')
muxvgenlmf: HIT
plfsuzmygl: MISS (100/100 full; evicted 'lfqbfwejba')
xattfjtjow: MISS (100/100 full; evicted 'jzlazxipvn')
buhxvzsvts: HIT
bfucjwuxkb: MISS (100/100 full; evicted 'uoopmwuhcl')
fhmvjwuvwb: MISS (100/100 full; evicted 'vmpzwlhsto')
xwkomrcgij: MISS (100/100 full; evicted 'vhnozntvio')
fpskcputoh: MISS (100/100 full; evicted 'tfnjoyxqps')
buhxvzsvts: HIT
lhhefagedx: HIT
ntfirudrux: HIT
zmjfmyigoj: MISS (100/100 full; evicted 'qkrlhtegpi')
boerpxuowh: MISS (100/100 full; evicted 'mxoqsfbsea')
gnebmewerf: HIT
yuouaphjkx: HIT
uoopmwuhcl: MISS (100/100 full; evicted 'fztjnnamyf')
mhonxelzjr: MISS (100/100 full; evicted 'tiyznwbjkq')
xoywfulmdk: HIT
xoywfulmdk: HIT
ywqayuiorv: HIT
licqdakoaq: MISS (100/100 full; evicted 'rshccnoewp')
susgtbofpg: HIT
ywfogaiggf: HIT
xbzlwqltje: HIT
ohcidwwxhp: HIT
kytdbnwffm: HIT
hwmlwzajdu: HIT
jxitssqjfh: MISS (100/100 full; evicted 'gfuywqusvn')
gircvlkbpb: MISS (100/100 full; evicted 'ueuraxwsdt')
rshccnoewp: MISS (100/100 full; evicted 'xrurpsgqqy')
ixbloxydqa: MISS (100/100 full; evicted 'romjhusjvk')
vpdavnzghy: MISS (100/100 full; evicted 'uwrjfpkhya')
lhrtganqcv: HIT
romjhusjvk: MISS (100/100 full; evicted 'wydrohgfjv')
qkrlhtegpi: MISS (100/100 full; evicted 'enzhfujmpk')
lzfnyhboyo: HIT
euwcwiisxt: HIT
mfbrypovud: MISS (100/100 full; evicted 'nhrtwweqkf')
ajecnjnegj: HIT
tdvgtcqwcc: MISS (100/100 full; evicted 'bbxivkualx')
fbdeqtxitc: MISS (100/100 full; evicted 'dbmreorhhq')
ddkdmnrqww: MISS (100/100 full; evicted 'rcrhpjdvjn')
kpxtkcfdrd: MISS (100/100 full; evicted 'qryoqauiet')
emybthyxgc: MISS (100/100 full; evicted 'altbnpdbtq')
osvgltapso: HIT
bbxivkualx: MISS (100/100 full; evicted 'plqqpaybgv')
dbmreorhhq: MISS (100/100 full; evicted 'ulcucsafge')
tfnjoyxqps: MISS (100/100 full; evicted 'udbzyzrprr')
mxoqsfbsea: MISS (100/100 full; evicted 'mecnvowfmv')
pjkeulvlhs: MISS (100/100 full; evicted 'ehmtzbxtlz')
jvwgxymroa: MISS (100/100 full; evicted 'vashxdhomg')
xrurpsgqqy: MISS (100/100 full; evicted 'ezobhgxcnr')
jclsatgeak: HIT
hevxsfyebl: HIT
xgkfkdudhb: MISS (100/100 full; evicted 'lpwumpbrot')
qyffcxfaxw: MISS (100/100 full; evicted 'gediitvifk')
nrnsnflewy: MISS (100/100 full; evicted 'maqmwjvtku')
ohcidwwxhp: HIT
ftgkkgjemo: MISS (100/100 full; evicted 'ytdfsxswlj')
jdxowwcsll: MISS (100/100 full; evicted 'peqfzmzedy')
tfnjoyxqps: HIT
kjyslyjgxa: HIT
vmpzwlhsto: MISS (100/100 full; evicted 'rfuvehllwr')
uoopmwuhcl: HIT
gircvlkbpb: HIT
krzmuiyzsb: MISS (100/100 full; evicted 'fvsiokzbez')
wpfcbmhfms: MISS (100/100 full; evicted 'zhfcbuqrcl')
qyffcxfaxw: HIT
rcrhpjdvjn: MISS (100/100 full; evicted 'ueqgbkzapf')
ixbloxydqa: HIT
boerpxuowh: HIT
xgkfkdudhb: HIT
xattfjtjow: HIT
hghombcitn: MISS (100/100 full; evicted 'xdjsajbkjy')
hghombcitn: HIT
qryoqauiet: MISS (100/100 full; evicted 'fcgqrnwkur')
dyydzyilwe: MISS (100/100 full; evicted 'jgbtwrzrdf')
tnarxdnenr: MISS (100/100 full; evicted 'jaovclguch')
afdgyeiaah: HIT
lhrtganqcv: HIT
buhxvzsvts: HIT
lzpbgkiwyq: HIT
lrivxzmnnq: MISS (100/100 full; evicted 'ugpjnjmlsg')
pjkeulvlhs: HIT
vktjppgepl: MISS (100/100 full; evicted 'ttflhqemsv')
nypjnhnghe: HIT
tnarxdnenr: HIT
qykxeealvw: MISS (100/100 full; evicted 'bhoqiknnwd')
ueqgbkzapf: MISS (100/100 full; evicted 'ewxnafevbg')
vpdavnzghy: HIT
fztjnnamyf: MISS (100/100 full; evicted 'dhsottjgrz')
fafyecuvau: MISS (100/100 full; evicted 'dpqvqjsmec')
licqdakoaq: HIT
cpmawzlbxr: MISS (100/100 full; evicted 'jktrivgswu')
qfsvnududx: MISS (100/100 full; evicted 'csnpizegmk')
kpxtkcfdrd: HIT
wpfcbmhfms: HIT
ywqayuiorv: HIT
yxtgvryhln: MISS (100/100 full; evicted 'bpqlcmlyyi')
mhnsudseky: MISS (100/100 full; evicted 'acjygqdxjm')
mxoqsfbsea: HIT
dhsottjgrz: MISS (100/100 full; evicted 'btyvtmfqhq')
cgivotyfpw: HIT
jaovclguch: MISS (100/100 full; evicted 'tocanruzuu')
qoguhssbmd: MISS (100/100 full; evicted 'riplpjpjup')
qoguhssbmd: HIT
lpwumpbrot: MISS (100/100 full; evicted 'sblqxmrbgr')
tnarxdnenr: HIT
anewtbdmde: MISS (100/100 full; evicted 'fhajgudfwi')
blxfdsvush: MISS (100/100 full; evicted 'iesqhsmjvs')
rcrhpjdvjn: HIT
cvgtfrrori: HIT
mhnsudseky: HIT
uoopmwuhcl: HIT
plfsuzmygl: HIT
jizjroyjku: MISS (100/100 full; evicted 'gkkxylkwqz')
yxtgvryhln: HIT
rfuvehllwr: MISS (100/100 full; evicted 'ucfengjgjj')
ywqayuiorv: HIT
tmcgleaqbl: MISS (100/100 full; evicted 'ktnvjsmhdt')
lpwumpbrot: HIT
wpfcbmhfms: HIT
fvsiokzbez: MISS (100/100 full; evicted 'zpsjlozvqa')
tnarxdnenr: HIT
pgclfyzhfz: HIT
bbgorbgfnl: MISS (100/100 full; evicted 'seeypvrgwy')
peqfzmzedy: MISS (100/100 full; evicted 'uqitvhwzin')
ixbloxydqa: HIT
lhhefagedx: HIT
uwrjfpkhya: MISS (100/100 full; evicted 'fsfmpheiri')
wydrohgfjv: MISS (100/100 full; evicted 'tdbuwjcqnl')
ucfengjgjj: MISS (100/100 full; evicted 'eacfkvlpvd')
cgivotyfpw: HIT
fvsiokzbez: HIT
paxxjnasoo: MISS (100/100 full; evicted 'mshtbelhtm')
qzzyqhdnjo: MISS (100/100 full; evicted 'skjoaqwlmu')
kioehxoade: MISS (100/100 full; evicted 'exegqiafal')
fpskcputoh: HIT
afdgyeiaah: HIT
rshccnoewp: HIT
ddkdmnrqww: HIT
kytdbnwffm: HIT
seeypvrgwy: MISS (100/100 full; evicted 'muxvgenlmf')
eqnjwvrmud: MISS (100/100 full; evicted 'bfucjwuxkb')
susgtbofpg: HIT
fcgqrnwkur: MISS (100/100 full; evicted 'fhmvjwuvwb')
tbtsqcldra: MISS (100/100 full; evicted 'xwkomrcgij')
mecnvowfmv: MISS (100/100 full; evicted 'ntfirudrux')
kytdbnwffm: HIT
bfucjwuxkb: MISS (100/100 full; evicted 'zmjfmyigoj')
nrnsnflewy: HIT
riplpjpjup: MISS (100/100 full; evicted 'gnebmewerf')
fbdeqtxitc: HIT
chznydpdcl: MISS (100/100 full; evicted 'yuouaphjkx')
mwwzmmmokz: MISS (100/100 full; evicted 'mhonxelzjr')
krzmuiyzsb: HIT
nhrtwweqkf: MISS (100/100 full; evicted 'xoywfulmdk')
vashxdhomg: MISS (100/100 full; evicted 'ywfogaiggf')
afdgyeiaah: HIT
altbnpdbtq: MISS (100/100 full; evicted 'xbzlwqltje')
rcrhpjdvjn: HIT
udbzyzrprr: MISS (100/100 full; evicted 'hwmlwzajdu')
jxitssqjfh: HIT
cpmawzlbxr: HIT
ddkdmnrqww: HIT
ehmtzbxtlz: MISS (100/100 full; evicted 'romjhusjvk')
zpsjlozvqa: MISS (100/100 full; evicted 'qkrlhtegpi')
mxoqsfbsea: HIT
pnjbenecip: MISS (100/100 full; evicted 'lzfnyhboyo')
jizjroyjku: HIT
altbnpdbtq: HIT
hgsfhulumi: MISS (100/100 full; evicted 'euwcwiisxt')
chznydpdcl: HIT
exegqiafal: MISS (100/100 full; evicted 'mfbrypovud')
vmpzwlhsto: HIT
mhonxelzjr: MISS (100/100 full; evicted 'ajecnjnegj')
xoywfulmdk: MISS (100/100 full; evicted 'tdvgtcqwcc')
boerpxuowh: HIT
btyvtmfqhq: MISS (100/100 full; evicted 'emybthyxgc')
bfucjwuxkb: HIT
sblqxmrbgr: MISS (100/100 full; evicted 'osvgltapso')
fbdeqtxitc: HIT
qoguhssbmd: HIT
rpsofnpogc: MISS (100/100 full; evicted 'bbxivkualx')
seeypvrgwy: HIT
bllkjyhcnc: MISS (100/100 full; evicted 'dbmreorhhq')
plqqpaybgv: MISS (100/100 full; evicted 'jvwgxymroa')
gircvlkbpb: HIT
qyffcxfaxw: HIT
mwwzmmmokz: HIT
jxitssqjfh: HIT
uqitvhwzin: MISS (100/100 full; evicted 'xrurpsgqqy')
lfqbfwejba: MISS (100/100 full; evicted 'jclsatgeak')
pmbssbytld: MISS (100/100 full; evicted 'hevxsfyebl')
jvwgxymroa: MISS (100/100 full; evicted 'ohcidwwxhp')
exegqiafal: HIT
acjygqdxjm: MISS (100/100 full; evicted 'ftgkkgjemo')
bradvukwle: MISS (100/100 full; evicted 'jdxowwcsll')
rcrhpjdvjn: HIT
xwkomrcgij: MISS (100/100 full; evicted 'tfnjoyxqps')
hevxsfyebl: MISS (100/100 full; evicted 'kjyslyjgxa')
ywfogaiggf: MISS (100/100 full; evicted 'xgkfkdudhb')
mhonxelzjr: HIT
ehmtzbxtlz: HIT
ttflhqemsv: MISS (100/100 full; evicted 'xattfjtjow')
xattfjtjow: MISS (100/100 full; evicted 'hghombcitn')
ntfirudrux: MISS (100/100 full; evicted 'qryoqauiet')
fztjnnamyf: HIT
tiyznwbjkq: MISS (100/100 full; evicted 'dyydzyilwe')
osvgltapso: MISS (100/100 full; evicted 'lhrtganqcv')
rcrhpjdvjn: HIT
qlauanlfbq: MISS (100/100 full; evicted 'buhxvzsvts')
fpskcputoh: HIT
buhxvzsvts: MISS (100/100 full; evicted 'lzpbgkiwyq')
uqitvhwzin: HIT
exegqiafal: HIT
hfnfglnmyt: MISS (100/100 full; evicted 'lrivxzmnnq')
hwmlwzajdu: MISS (100/100 full; evicted 'pjkeulvlhs')
boerpxuowh: HIT
kfnzioivgw: MISS (100/100 full; evicted 'vktjppgepl')
zhfcbuqrcl: MISS (100/100 full; evicted 'nypjnhnghe')
tdbuwjcqnl: MISS (100/100 full; evicted 'qykxeealvw')
xgkfkdudhb: MISS (100/100 full; evicted 'ueqgbkzapf')
qyffcxfaxw: HIT
ueuraxwsdt: MISS (100/100 full; evicted 'vpdavnzghy')
wssiqotoir: MISS (100/100 full; evicted 'fafyecuvau')
yubkhbxlrz: MISS (100/100 full; evicted 'licqdakoaq')
lpwumpbrot: HIT
afqqwvctyj: MISS (100/100 full; evicted 'qfsvnududx')
hghombcitn: MISS (100/100 full; evicted 'kpxtkcfdrd')
ddkdmnrqww: HIT
csnpizegmk: MISS (100/100 full; evicted 'dhsottjgrz')
qykxeealvw: MISS (100/100 full; evicted 'jaovclguch')
qryoqauiet: MISS (100/100 full; evicted 'anewtbdmde')
kfnzioivgw: HIT
ajecnjnegj: MISS (100/100 full; evicted 'blxfdsvush')
ytdfsxswlj: MISS (100/100 full; evicted 'cvgtfrrori')
ysjabixejv: MISS (100/100 full; evicted 'mhnsudseky')
lqnelcelre: MISS (100/100 full; evicted 'uoopmwuhcl')
fbdeqtxitc: HIT
lpwumpbrot: HIT
qkrlhtegpi: MISS (100/100 full; evicted 'plfsuzmygl')
emybthyxgc: MISS (100/100 full; evicted 'yxtgvryhln')
zhfcbuqrcl: HIT
tfnjoyxqps: MISS (100/100 full; evicted 'rfuvehllwr')
ugpjnjmlsg: MISS (100/100 full; evicted 'ywqayuiorv')
plfsuzmygl: MISS (100/100 full; evicted 'tmcgleaqbl')
hevxsfyebl: HIT
bjqudcfajx: MISS (100/100 full; evicted 'wpfcbmhfms')
lhhefagedx: HIT
bpokwokvns: MISS (100/100 full; evicted 'tnarxdnenr')
qyjmdnolgq: MISS (100/100 full; evicted 'pgclfyzhfz')
pjkeulvlhs: MISS (100/100 full; evicted 'bbgorbgfnl')
susgtbofpg: HIT
eacfkvlpvd: MISS (100/100 full; evicted 'peqfzmzedy')
mwwzmmmokz: HIT
ttflhqemsv: HIT
xdjsajbkjy: MISS (100/100 full; evicted 'ixbloxydqa')
dswfrufooj: MISS (100/100 full; evicted 'uwrjfpkhya')
larfdchczk: MISS (100/100 full; evicted 'wydrohgfjv')
mxoqsfbsea: HIT
kioehxoade: HIT
tfnjoyxqps: HIT
dpqvqjsmec: MISS (100/100 full; evicted 'ucfengjgjj')
dswfrufooj: HIT
qkrlhtegpi: HIT
susgtbofpg: HIT
nrnsnflewy: HIT
fztjnnamyf: HIT
lhhefagedx: HIT
nypjnhnghe: MISS (100/100 full; evicted 'cgivotyfpw')
ftgkkgjemo: MISS (100/100 full; evicted 'fvsiokzbez')
tocanruzuu: MISS (100/100 full; evicted 'paxxjnasoo')
tdvgtcqwcc: MISS (100/100 full; evicted 'qzzyqhdnjo')
fhmvjwuvwb: MISS (100/100 full; evicted 'rshccnoewp')
jdxowwcsll: MISS (100/100 full; evicted 'eqnjwvrmud')
nypjnhnghe: HIT
vashxdhomg: HIT
lhrtganqcv: MISS (100/100 full; evicted 'fcgqrnwkur')
ixbloxydqa: MISS (100/100 full; evicted 'tbtsqcldra')
bkcptsdkxd: MISS (100/100 full; evicted 'mecnvowfmv')
gnebmewerf: MISS (100/100 full; evicted 'kytdbnwffm')
szhxxineph: MISS (100/100 full; evicted 'riplpjpjup')
fvsiokzbez: MISS (100/100 full; evicted 'krzmuiyzsb')
krzmuiyzsb: MISS (100/100 full; evicted 'nhrtwweqkf')
mxoqsfbsea: HIT
pgclfyzhfz: MISS (100/100 full; evicted 'afdgyeiaah')
kioehxoade: HIT
xwkomrcgij: HIT
ugpjnjmlsg: HIT
vadhminksi: MISS (100/100 full; evicted 'udbzyzrprr')
altbnpdbtq: HIT
xrurpsgqqy: MISS (100/100 full; evicted 'cpmawzlbxr')
ucfengjgjj: MISS (100/100 full; evicted 'zpsjlozvqa')
ajwbwyoukn: MISS (100/100 full; evicted 'pnjbenecip')
osvgltapso: HIT
pjkeulvlhs: HIT
hgsfhulumi: HIT
wydrohgfjv: MISS (100/100 full; evicted 'jizjroyjku')
qlauanlfbq: HIT
ehmtzbxtlz: HIT
hghombcitn: HIT
ftgkkgjemo: HIT
fhmvjwuvwb: HIT
zidpzoksfd: MISS (100/100 full; evicted 'chznydpdcl')
szhxxineph: HIT
ntfirudrux: HIT
ohcidwwxhp: MISS (100/100 full; evicted 'vmpzwlhsto')
szhxxineph: HIT
larfdchczk: HIT
hwmlwzajdu: HIT
qfsvnududx: MISS (100/100 full; evicted 'xoywfulmdk')
vktjppgepl: MISS (100/100 full; evicted 'btyvtmfqhq')
jotspcjifj: MISS (100/100 full; evicted 'bfucjwuxkb')
tdbuwjcqnl: HIT
muxvgenlmf: MISS (100/100 full; evicted 'sblqxmrbgr')
ajwbwyoukn: HIT
mhonxelzjr: HIT
fsfmpheiri: MISS (100/100 full; evicted 'qoguhssbmd')
jktrivgswu: MISS (100/100 full; evicted 'rpsofnpogc')
octqcxwwau: MISS (100/100 full; evicted 'seeypvrgwy')
wpfcbmhfms: MISS (100/100 full; evicted 'bllkjyhcnc')
jgbtwrzrdf: MISS (100/100 full; evicted 'plqqpaybgv')
qkrlhtegpi: HIT
bbgorbgfnl: MISS (100/100 full; evicted 'gircvlkbpb')
zmjfmyigoj: MISS (100/100 full; evicted 'jxitssqjfh')
lhrtganqcv: HIT
jgbtwrzrdf: HIT
yuouaphjkx: MISS (100/100 full; evicted 'lfqbfwejba')
plfsuzmygl: HIT
gwbdhocnxo: MISS (100/100 full; evicted 'pmbssbytld')
nrnsnflewy: HIT
ewxnafevbg: MISS (100/100 full; evicted 'jvwgxymroa')
larfdchczk: HIT
hgsfhulumi: HIT
kfnzioivgw: HIT
ugpjnjmlsg: HIT
boerpxuowh: HIT
fcgqrnwkur: MISS (100/100 full; evicted 'acjygqdxjm')
ucfengjgjj: HIT
jizjroyjku: MISS (100/100 full; evicted 'bradvukwle')
wydrohgfjv: HIT
fpskcputoh: HIT
fhmvjwuvwb: HIT
hghombcitn: HIT
plqqpaybgv: MISS (100/100 full; evicted 'ywfogaiggf')
hghombcitn: HIT
ywfogaiggf: MISS (100/100 full; evicted 'xattfjtjow')
fvsiokzbez: HIT
qryoqauiet: HIT
fpskcputoh: HIT
zpsjlozvqa: MISS (100/100 full; evicted 'tiyznwbjkq')
bvntredwvz: MISS (100/100 full; evicted 'rcrhpjdvjn')
nhrtwweqkf: MISS (100/100 full; evicted 'buhxvzsvts')
peqfzmzedy: MISS (100/100 full; evicted 'uqitvhwzin')
afqqwvctyj: HIT
zrbvdatfqj: MISS (100/100 full; evicted 'exegqiafal')
lqnelcelre: HIT
buhxvzsvts: MISS (100/100 full; evicted 'hfnfglnmyt')
cgivotyfpw: MISS (100/100 full; evicted 'xgkfkdudhb')
vashxdhomg: HIT
kpxtkcfdrd: MISS (100/100 full; evicted 'qyffcxfaxw')
ywqayuiorv: MISS (100/100 full; evicted 'ueuraxwsdt')
jclsatgeak: MISS (100/100 full; evicted 'wssiqotoir')
ajwbwyoukn: HIT
rzbcksygqk: MISS (100/100 full; evicted 'yubkhbxlrz')
tbtsqcldra: MISS (100/100 full; evicted 'ddkdmnrqww')
zmjfmyigoj: HIT
jktrivgswu: HIT
rcrhpjdvjn: MISS (100/100 full; evicted 'csnpizegmk')
jvwgxymroa: MISS (100/100 full; evicted 'qykxeealvw')
exegqiafal: MISS (100/100 full; evicted 'ajecnjnegj')
ueuraxwsdt: MISS (100/100 full; evicted 'ytdfsxswlj')
gkkxylkwqz: MISS (100/100 full; evicted 'ysjabixejv')
qryoqauiet: HIT
vkszixltaw: MISS (100/100 full; evicted 'fbdeqtxitc')
tbtsqcldra: HIT
mwwzmmmokz: HIT
ucfengjgjj: HIT
qyffcxfaxw: MISS (100/100 full; evicted 'lpwumpbrot')
exegqiafal: HIT
altbnpdbtq: HIT
mshtbelhtm: MISS (100/100 full; evicted 'emybthyxgc')
bllkjyhcnc: MISS (100/100 full; evicted 'zhfcbuqrcl')
octqcxwwau: HIT
fpskcputoh: HIT
vmpzwlhsto: MISS (100/100 full; evicted 'hevxsfyebl')
exegqiafal: HIT
jzlazxipvn: MISS (100/100 full; evicted 'bjqudcfajx')
ddkdmnrqww: MISS (100/100 full; evicted 'bpokwokvns')
kytdbnwffm: MISS (100/100 full; evicted 'qyjmdnolgq')
mfbrypovud: MISS (100/100 full; evicted 'eacfkvlpvd')
cgivotyfpw: HIT
gnebmewerf: HIT
cpmawzlbxr: MISS (100/100 full; evicted 'ttflhqemsv')
fbdeqtxitc: MISS (100/100 full; evicted 'xdjsajbkjy')
buhxvzsvts: HIT
kdkfncufcw: MISS (100/100 full; evicted 'tfnjoyxqps')
jaovclguch: MISS (100/100 full; evicted 'dpqvqjsmec')
bbgorbgfnl: HIT
ytdfsxswlj: MISS (100/100 full; evicted 'dswfrufooj')
rzbcksygqk: HIT
sjtniywdhq: MISS (100/100 full; evicted 'susgtbofpg')
vkszixltaw: HIT
bbxivkualx: MISS (100/100 full; evicted 'fztjnnamyf')
ixnjumiqnn: MISS (100/100 full; evicted 'lhhefagedx')
jaovclguch: HIT
seeypvrgwy: MISS (100/100 full; evicted 'tocanruzuu')
rzbcksygqk: HIT
zidpzoksfd: HIT
gircvlkbpb: MISS (100/100 full; evicted 'tdvgtcqwcc')
ezobhgxcnr: MISS (100/100 full; evicted 'jdxowwcsll')
nrnsnflewy: HIT
tbtsqcldra: HIT
afdgyeiaah: MISS (100/100 full; evicted 'nypjnhnghe')
vhnozntvio: MISS (100/100 full; evicted 'ixbloxydqa')
jotspcjifj: HIT
vpdavnzghy: MISS (100/100 full; evicted 'bkcptsdkxd')
xbzlwqltje: MISS (100/100 full; evicted 'krzmuiyzsb')
ajwbwyoukn: HIT
hghombcitn: HIT
wpfcbmhfms: HIT
enzhfujmpk: MISS (100/100 full; evicted 'mxoqsfbsea')
qyjmdnolgq: MISS (100/100 full; evicted 'pgclfyzhfz')
gkkxylkwqz: HIT
pnjbenecip: MISS (100/100 full; evicted 'kioehxoade')
lhrtganqcv: HIT
lzmxkmpgxq: MISS (100/100 full; evicted 'xwkomrcgij')
bjqudcfajx: MISS (100/100 full; evicted 'vadhminksi')
cvgtfrrori: MISS (100/100 full; evicted 'xrurpsgqqy')
mfbrypovud: HIT
rpsofnpogc: MISS (100/100 full; evicted 'osvgltapso')
skjoaqwlmu: MISS (100/100 full; evicted 'pjkeulvlhs')
hghombcitn: HIT
rjerfvawnq: MISS (100/100 full; evicted 'qlauanlfbq')
ucfengjgjj: HIT
ehmtzbxtlz: HIT
skjoaqwlmu: HIT
djaaucafvr: MISS (100/100 full; evicted 'ftgkkgjemo')
seeypvrgwy: HIT
pnjbenecip: HIT
ymjmrcbaqk: MISS (100/100 full; evicted 'ntfirudrux')
qykxeealvw: MISS (100/100 full; evicted 'ohcidwwxhp')
wssiqotoir: MISS (100/100 full; evicted 'szhxxineph')
riplpjpjup: MISS (100/100 full; evicted 'hwmlwzajdu')
qlauanlfbq: MISS (100/100 full; evicted 'qfsvnududx')
wxlrgdaxla: MISS (100/100 full; evicted 'vktjppgepl')
bbgorbgfnl: HIT
krzmuiyzsb: MISS (100/100 full; evicted 'tdbuwjcqnl')
seeypvrgwy: HIT
lrivxzmnnq: MISS (100/100 full; evicted 'muxvgenlmf')
ohcidwwxhp: MISS (100/100 full; evicted 'mhonxelzjr')
anewtbdmde: MISS (100/100 full; evicted 'fsfmpheiri')
tbtsqcldra: HIT
paxxjnasoo: MISS (100/100 full; evicted 'qkrlhtegpi')
fhmvjwuvwb: HIT
ezobhgxcnr: HIT
wpfcbmhfms: HIT
ehmtzbxtlz: HIT
xrurpsgqqy: MISS (100/100 full; evicted 'jgbtwrzrdf')
iesqhsmjvs: MISS (100/100 full; evicted 'yuouaphjkx')
afdgyeiaah: HIT
xattfjtjow: MISS (100/100 full; evicted 'plfsuzmygl')
yubkhbxlrz: MISS (100/100 full; evicted 'gwbdhocnxo')
zhfcbuqrcl: MISS (100/100 full; evicted 'ewxnafevbg')
ddkdmnrqww: HIT
cvgtfrrori: HIT
buhxvzsvts: HIT
eacfkvlpvd: MISS (100/100 full; evicted 'larfdchczk')
fvsiokzbez: HIT
jktrivgswu: HIT
ajwbwyoukn: HIT
gkkxylkwqz: HIT
rpsofnpogc: HIT
kdkfncufcw: HIT
kioehxoade: MISS (100/100 full; evicted 'hgsfhulumi')
altbnpdbtq: HIT
susgtbofpg: MISS (100/100 full; evicted 'kfnzioivgw')
btyvtmfqhq: MISS (100/100 full; evicted 'ugpjnjmlsg')
rcrhpjdvjn: HIT
bhoqiknnwd: MISS (100/100 full; evicted 'boerpxuowh')
csnpizegmk: MISS (100/100 full; evicted 'fcgqrnwkur')
altbnpdbtq: HIT
pnjbenecip: HIT
romjhusjvk: MISS (100/100 full; evicted 'jizjroyjku')
rfuvehllwr: MISS (100/100 full; evicted 'wydrohgfjv')
jaovclguch: HIT
vhnozntvio: HIT
tgwtayagnx: MISS (100/100 full; evicted 'plqqpaybgv')
seeypvrgwy: HIT
gircvlkbpb: HIT
wssiqotoir: HIT
riplpjpjup: HIT
szhxxineph: MISS (100/100 full; evicted 'ywfogaiggf')
zidpzoksfd: HIT
kjyslyjgxa: MISS (100/100 full; evicted 'zpsjlozvqa')
kdkfncufcw: HIT
--------------------------------
FINAL CACHE CONFIGURATION:
--------------------------------
kdkfncufcw
kjyslyjgxa
zidpzoksfd
szhxxineph
riplpjpjup
wssiqotoir
gircvlkbpb
seeypvrgwy
tgwtayagnx
vhnozntvio
jaovclguch
rfuvehllwr
romjhusjvk
pnjbenecip
altbnpdbtq
csnpizegmk
bhoqiknnwd
rcrhpjdvjn
btyvtmfqhq
susgtbofpg
kioehxoade
rpsofnpogc
gkkxylkwqz
ajwbwyoukn
jktrivgswu
fvsiokzbez
eacfkvlpvd
buhxvzsvts
cvgtfrrori
ddkdmnrqww
zhfcbuqrcl
yubkhbxlrz
xattfjtjow
afdgyeiaah
iesqhsmjvs
xrurpsgqqy
ehmtzbxtlz
wpfcbmhfms
ezobhgxcnr
fhmvjwuvwb
paxxjnasoo
tbtsqcldra
anewtbdmde
ohcidwwxhp
lrivxzmnnq
krzmuiyzsb
bbgorbgfnl
wxlrgdaxla
qlauanlfbq
qykxeealvw
ymjmrcbaqk
djaaucafvr
skjoaqwlmu
ucfengjgjj
rjerfvawnq
hghombcitn
mfbrypovud
bjqudcfajx
lzmxkmpgxq
lhrtganqcv
qyjmdnolgq
enzhfujmpk
xbzlwqltje
vpdavnzghy
jotspcjifj
nrnsnflewy
rzbcksygqk
ixnjumiqnn
bbxivkualx
vkszixltaw
sjtniywdhq
ytdfsxswlj
fbdeqtxitc
cpmawzlbxr
gnebmewerf
cgivotyfpw
kytdbnwffm
jzlazxipvn
exegqiafal
vmpzwlhsto
fpskcputoh
octqcxwwau
bllkjyhcnc
mshtbelhtm
qyffcxfaxw
mwwzmmmokz
qryoqauiet
ueuraxwsdt
jvwgxymroa
zmjfmyigoj
jclsatgeak
ywqayuiorv
kpxtkcfdrd
vashxdhomg
lqnelcelre
zrbvdatfqj
afqqwvctyj
peqfzmzedy
nhrtwweqkf
bvntredwvz
