fafyecuvau: MISS (1/1000 full; no eviction)
dbmreorhhq: MISS (2/1000 full; no eviction)
qlauanlfbq: MISS (3/1000 full; no eviction)
pmbssbytld: MISS (4/1000 full; no eviction)
kjyslyjgxa: MISS (5/1000 full; no eviction)
rfuvehllwr: MISS (6/1000 full; no eviction)
zmjfmyigoj: MISS (7/1000 full; no eviction)
octqcxwwau: MISS (8/1000 full; no eviction)
tmcgleaqbl: MISS (9/1000 full; no eviction)
lzfnyhboyo: MISS (10/1000 full; no eviction)
lzmxkmpgxq: MISS (11/1000 full; no eviction)
mhonxelzjr: MISS (12/1000 full; no eviction)
fafyecuvau: HIT
lqnelcelre: MISS (13/1000 full; no eviction)
pmbssbytld: HIT
romjhusjvk: MISS (14/1000 full; no eviction)
tbtsqcldra: MISS (15/1000 full; no eviction)
fafyecuvau: HIT
cvgtfrrori: MISS (16/1000 full; no eviction)
bfucjwuxkb: MISS (17/1000 full; no eviction)
bbgorbgfnl: MISS (18/1000 full; no eviction)
yubkhbxlrz: MISS (19/1000 full; no eviction)
ueqgbkzapf: MISS (20/1000 full; no eviction)
xrurpsgqqy: MISS (21/1000 full; no eviction)
fsfmpheiri: MISS (22/1000 full; no eviction)
ysjabixejv: MISS (23/1000 full; no eviction)
skjoaqwlmu: MISS (24/1000 full; no eviction)
ttflhqemsv: MISS (25/1000 full; no eviction)
hghombcitn: MISS (26/1000 full; no eviction)
hwmlwzajdu: MISS (27/1000 full; no eviction)
octqcxwwau: HIT
cgivotyfpw: MISS (28/1000 full; no eviction)
szhxxineph: MISS (29/1000 full; no eviction)
bhoqiknnwd: MISS (30/1000 full; no eviction)
fcgqrnwkur: MISS (31/1000 full; no eviction)
zidpzoksfd: MISS (32/1000 full; no eviction)
lqnelcelre: HIT
ohcidwwxhp: MISS (33/1000 full; no eviction)
bradvukwle: MISS (34/1000 full; no eviction)
nrnsnflewy: MISS (35/1000 full; no eviction)
sjtniywdhq: MISS (36/1000 full; no eviction)
ttflhqemsv: HIT
xrurpsgqqy: HIT
nypjnhnghe: MISS (37/1000 full; no eviction)
hevxsfyebl: MISS (38/1000 full; no eviction)
sjtniywdhq: HIT
xgkfkdudhb: MISS (39/1000 full; no eviction)
ysjabixejv: HIT
xbzlwqltje: MISS (40/1000 full; no eviction)
lfqbfwejba: MISS (41/1000 full; no eviction)
ktnvjsmhdt: MISS (42/1000 full; no eviction)
btyvtmfqhq: MISS (43/1000 full; no eviction)
bpokwokvns: MISS (44/1000 full; no eviction)
lpwumpbrot: MISS (45/1000 full; no eviction)
muxvgenlmf: MISS (46/1000 full; no eviction)
jzlazxipvn: MISS (47/1000 full; no eviction)
kytdbnwffm: MISS (48/1000 full; no eviction)
lzfnyhboyo: HIT
fhajgudfwi: MISS (49/1000 full; no eviction)
rzbcksygqk: MISS (50/1000 full; no eviction)
yxtgvryhln: MISS (51/1000 full; no eviction)
ueuraxwsdt: MISS (52/1000 full; no eviction)
uoopmwuhcl: MISS (53/1000 full; no eviction)
kioehxoade: MISS (54/1000 full; no eviction)
vashxdhomg: MISS (55/1000 full; no eviction)
qyzqhybhbh: MISS (56/1000 full; no eviction)
qfsvnududx: MISS (57/1000 full; no eviction)
ulcucsafge: MISS (58/1000 full; no eviction)
ddkdmnrqww: MISS (59/1000 full; no eviction)
eacfkvlpvd: MISS (60/1000 full; no eviction)
pjkeulvlhs: MISS (61/1000 full; no eviction)
seeypvrgwy: MISS (62/1000 full; no eviction)
rcrhpjdvjn: MISS (63/1000 full; no eviction)
sblqxmrbgr: MISS (64/1000 full; no eviction)
fhajgudfwi: HIT
riplpjpjup: MISS (65/1000 full; no eviction)
enzhfujmpk: MISS (66/1000 full; no eviction)
bvntredwvz: MISS (67/1000 full; no eviction)
djaaucafvr: MISS (68/1000 full; no eviction)
anewtbdmde: MISS (69/1000 full; no eviction)
gwbdhocnxo: MISS (70/1000 full; no eviction)
rpsofnpogc: MISS (71/1000 full; no eviction)
exegqiafal: MISS (72/1000 full; no eviction)
jvwgxymroa: MISS (73/1000 full; no eviction)
gwbdhocnxo: HIT
kfnzioivgw: MISS (74/1000 full; no eviction)
lzmxkmpgxq: HIT
zhfcbuqrcl: MISS (75/1000 full; no eviction)
tocanruzuu: MISS (76/1000 full; no eviction)
rpsofnpogc: HIT
dswfrufooj: MISS (77/1000 full; no eviction)
yuouaphjkx: MISS (78/1000 full; no eviction)
euwcwiisxt: MISS (79/1000 full; no eviction)
ucfengjgjj: MISS (80/1000 full; no eviction)
rfuvehllwr: HIT
ehmtzbxtlz: MISS (81/1000 full; no eviction)
hevxsfyebl: HIT
afqqwvctyj: MISS (82/1000 full; no eviction)
larfdchczk: MISS (83/1000 full; no eviction)
ueqgbkzapf: HIT
bradvukwle: HIT
xwkomrcgij: MISS (84/1000 full; no eviction)
anewtbdmde: HIT
mxoqsfbsea: MISS (85/1000 full; no eviction)
wydrohgfjv: MISS (86/1000 full; no eviction)
bfucjwuxkb: HIT
lpwumpbrot: HIT
xattfjtjow: MISS (87/1000 full; no eviction)
bkcptsdkxd: MISS (88/1000 full; no eviction)
ehmtzbxtlz: HIT
xdjsajbkjy: MISS (89/1000 full; no eviction)
fyekdjykua: MISS (90/1000 full; no eviction)
exegqiafal: HIT
yubkhbxlrz: HIT
dpqvqjsmec: MISS (91/1000 full; no eviction)
btyvtmfqhq: HIT
yuouaphjkx: HIT
boerpxuowh: MISS (92/1000 full; no eviction)
bbgorbgfnl: HIT
altbnpdbtq: MISS (93/1000 full; no eviction)
boerpxuowh: HIT
cmxizvuncg: MISS (94/1000 full; no eviction)
tfnjoyxqps: MISS (95/1000 full; no eviction)
qzzyqhdnjo: MISS (96/1000 full; no eviction)
jgbtwrzrdf: MISS (97/1000 full; no eviction)
btyvtmfqhq: HIT
dyydzyilwe: MISS (98/1000 full; no eviction)
vmpzwlhsto: MISS (99/1000 full; no eviction)
dbmreorhhq: HIT
ixbloxydqa: MISS (100/1000 full; no eviction)
tnarxdnenr: MISS (101/1000 full; no eviction)
fvsiokzbez: MISS (102/1000 full; no eviction)
uqitvhwzin: MISS (103/1000 full; no eviction)
qyzqhybhbh: HIT
kytdbnwffm: HIT
dyydzyilwe: HIT
vhnozntvio: MISS (104/1000 full; no eviction)
bhoqiknnwd: HIT
xattfjtjow: HIT
mhonxelzjr: HIT
djaaucafvr: HIT
txzbszjyld: MISS (105/1000 full; no eviction)
zrbvdatfqj: MISS (106/1000 full; no eviction)
lzfnyhboyo: HIT
xwkomrcgij: HIT
lrivxzmnnq: MISS (107/1000 full; no eviction)
emybthyxgc: MISS (108/1000 full; no eviction)
tocanruzuu: HIT
bbxivkualx: MISS (109/1000 full; no eviction)
ywqayuiorv: MISS (110/1000 full; no eviction)
ftgkkgjemo: MISS (111/1000 full; no eviction)
ugpjnjmlsg: MISS (112/1000 full; no eviction)
uoopmwuhcl: HIT
qryoqauiet: MISS (113/1000 full; no eviction)
vhnozntvio: HIT
pjkeulvlhs: HIT
bpqlcmlyyi: MISS (114/1000 full; no eviction)
wpfcbmhfms: MISS (115/1000 full; no eviction)
ohcidwwxhp: HIT
kytdbnwffm: HIT
ucfengjgjj: HIT
zidpzoksfd: HIT
jxitssqjfh: MISS (116/1000 full; no eviction)
bpqlcmlyyi: HIT
pnjbenecip: MISS (117/1000 full; no eviction)
afdgyeiaah: MISS (118/1000 full; no eviction)
lfqbfwejba: HIT
wxlrgdaxla: MISS (119/1000 full; no eviction)
lhrtganqcv: MISS (120/1000 full; no eviction)
lhhefagedx: MISS (121/1000 full; no eviction)
gfuywqusvn: MISS (122/1000 full; no eviction)
ugpjnjmlsg: HIT
jgbtwrzrdf: HIT
kioehxoade: HIT
pgclfyzhfz: MISS (123/1000 full; no eviction)
txzbszjyld: HIT
txzbszjyld: HIT
vhnozntvio: HIT
afdgyeiaah: HIT
qkrlhtegpi: MISS (124/1000 full; no eviction)
fcgqrnwkur: HIT
qfsvnududx: HIT
wssiqotoir: MISS (125/1000 full; no eviction)
pmbssbytld: HIT
dyydzyilwe: HIT
ysjabixejv: HIT
xrurpsgqqy: HIT
ddkdmnrqww: HIT
nrnsnflewy: HIT
djaaucafvr: HIT
zrbvdatfqj: HIT
pmbssbytld: HIT
gediitvifk: MISS (126/1000 full; no eviction)
vkszixltaw: MISS (127/1000 full; no eviction)
bbgorbgfnl: HIT
xbzlwqltje: HIT
mecnvowfmv: MISS (128/1000 full; no eviction)
ntfirudrux: MISS (129/1000 full; no eviction)
dbmreorhhq: HIT
mhonxelzjr: HIT
rpsofnpogc: HIT
jdxowwcsll: MISS (130/1000 full; no eviction)
hfnfglnmyt: MISS (131/1000 full; no eviction)
ddkdmnrqww: HIT
euwcwiisxt: HIT
mhonxelzjr: HIT
gediitvifk: HIT
blxfdsvush: MISS (132/1000 full; no eviction)
ywqayuiorv: HIT
osvgltapso: MISS (133/1000 full; no eviction)
ajwbwyoukn: MISS (134/1000 full; no eviction)
bfucjwuxkb: HIT
ftgkkgjemo: HIT
ddkdmnrqww: HIT
ixnjumiqnn: MISS (135/1000 full; no eviction)
rjerfvawnq: MISS (136/1000 full; no eviction)
vkszixltaw: HIT
ucfengjgjj: HIT
octqcxwwau: HIT
bbxivkualx: HIT
afqqwvctyj: HIT
tyryazmpou: MISS (137/1000 full; no eviction)
qyzqhybhbh: HIT
kdkfncufcw: MISS (138/1000 full; no eviction)
xattfjtjow: HIT
dyydzyilwe: HIT
tocanruzuu: HIT
rzbcksygqk: HIT
pjkeulvlhs: HIT
bvntredwvz: HIT
zvooyxjttn: MISS (139/1000 full; no eviction)
mhnsudseky: MISS (140/1000 full; no eviction)
chznydpdcl: MISS (141/1000 full; no eviction)
eacfkvlpvd: HIT
zpsjlozvqa: MISS (142/1000 full; no eviction)
bvntredwvz: HIT
qyjmdnolgq: MISS (143/1000 full; no eviction)
dhsottjgrz: MISS (144/1000 full; no eviction)
hwmlwzajdu: HIT
acjygqdxjm: MISS (145/1000 full; no eviction)
ueqgbkzapf: HIT
pgclfyzhfz: HIT
pjkeulvlhs: HIT
pjkeulvlhs: HIT
acjygqdxjm: HIT
cvgtfrrori: HIT
euwcwiisxt: HIT
lfqbfwejba: HIT
bkcptsdkxd: HIT
rcrhpjdvjn: HIT
bpokwokvns: HIT
sjtniywdhq: HIT
fcgqrnwkur: HIT
tmcgleaqbl: HIT
dbmreorhhq: HIT
xattfjtjow: HIT
pnjbenecip: HIT
xoywfulmdk: MISS (146/1000 full; no eviction)
xwkomrcgij: HIT
djaaucafvr: HIT
krzmuiyzsb: MISS (147/1000 full; no eviction)
romjhusjvk: HIT
afdgyeiaah: HIT
dswfrufooj: HIT
xwkomrcgij: HIT
iesqhsmjvs: MISS (148/1000 full; no eviction)
octqcxwwau: HIT
nhrtwweqkf: MISS (149/1000 full; no eviction)
udbzyzrprr: MISS (150/1000 full; no eviction)
zrbvdatfqj: HIT
pmbssbytld: HIT
fhmvjwuvwb: MISS (151/1000 full; no eviction)
plqqpaybgv: MISS (152/1000 full; no eviction)
ucfengjgjj: HIT
qyffcxfaxw: MISS (153/1000 full; no eviction)
nypjnhnghe: HIT
xattfjtjow: HIT
xwkomrcgij: HIT
rzbcksygqk: HIT
qoguhssbmd: MISS (154/1000 full; no eviction)
xgkfkdudhb: HIT
qoguhssbmd: HIT
nypjnhnghe: HIT
rfuvehllwr: HIT
jotspcjifj: MISS (155/1000 full; no eviction)
peqfzmzedy: MISS (156/1000 full; no eviction)
vhnozntvio: HIT
lzpbgkiwyq: MISS (157/1000 full; no eviction)
kytdbnwffm: HIT
dpqvqjsmec: HIT
bfucjwuxkb: HIT
bhoqiknnwd: HIT
pjkeulvlhs: HIT
lzfnyhboyo: HIT
ulcucsafge: HIT
anewtbdmde: HIT
eqnjwvrmud: MISS (158/1000 full; no eviction)
nrnsnflewy: HIT
gircvlkbpb: MISS (159/1000 full; no eviction)
hevxsfyebl: HIT
vadhminksi: MISS (160/1000 full; no eviction)
ixnjumiqnn: HIT
hgsfhulumi: MISS (161/1000 full; no eviction)
zidpzoksfd: HIT
uwrjfpkhya: MISS (162/1000 full; no eviction)
hfnfglnmyt: HIT
acjygqdxjm: HIT
xrurpsgqqy: HIT
licqdakoaq: MISS (163/1000 full; no eviction)
gnebmewerf: MISS (164/1000 full; no eviction)
ezobhgxcnr: MISS (165/1000 full; no eviction)
jzlazxipvn: HIT
ymjmrcbaqk: MISS (166/1000 full; no eviction)
jvwgxymroa: HIT
larfdchczk: HIT
cgivotyfpw: HIT
mfbrypovud: MISS (167/1000 full; no eviction)
afdgyeiaah: HIT
zrbvdatfqj: HIT
cvgtfrrori: HIT
cmxizvuncg: HIT
seeypvrgwy: HIT
zrbvdatfqj: HIT
gfuywqusvn: HIT
pnjbenecip: HIT
jaovclguch: MISS (168/1000 full; no eviction)
afdgyeiaah: HIT
jgbtwrzrdf: HIT
mxoqsfbsea: HIT
gircvlkbpb: HIT
ixbloxydqa: HIT
bbgorbgfnl: HIT
dyydzyilwe: HIT
tdbuwjcqnl: MISS (169/1000 full; no eviction)
paxxjnasoo: MISS (170/1000 full; no eviction)
nypjnhnghe: HIT
wssiqotoir: HIT
fafyecuvau: HIT
lfqbfwejba: HIT
qyzqhybhbh: HIT
enzhfujmpk: HIT
nypjnhnghe: HIT
krzmuiyzsb: HIT
exegqiafal: HIT
muxvgenlmf: HIT
wxlrgdaxla: HIT
ddkdmnrqww: HIT
dbmreorhhq: HIT
vpdavnzghy: MISS (171/1000 full; no eviction)
gircvlkbpb: HIT
pgclfyzhfz: HIT
vmpzwlhsto: HIT
rcrhpjdvjn: HIT
fyekdjykua: HIT
ftgkkgjemo: HIT
bpqlcmlyyi: HIT
osvgltapso: HIT
cpmawzlbxr: MISS (172/1000 full; no eviction)
yxtgvryhln: HIT
yxtgvryhln: HIT
fyekdjykua: HIT
ugpjnjmlsg: HIT
acjygqdxjm: HIT
lfqbfwejba: HIT
jzlazxipvn: HIT
uoopmwuhcl: HIT
csnpizegmk: MISS (173/1000 full; no eviction)
vmpzwlhsto: HIT
vhnozntvio: HIT
tfnjoyxqps: HIT
qkrlhtegpi: HIT
udbzyzrprr: HIT
gkkxylkwqz: MISS (174/1000 full; no eviction)
csnpizegmk: HIT
sblqxmrbgr: HIT
cgivotyfpw: HIT
mxoqsfbsea: HIT
fztjnnamyf: MISS (175/1000 full; no eviction)
tiyznwbjkq: MISS (176/1000 full; no eviction)
tdbuwjcqnl: HIT
rshccnoewp: MISS (177/1000 full; no eviction)
lhhefagedx: HIT
gfuywqusvn: HIT
ueuraxwsdt: HIT
buhxvzsvts: MISS (178/1000 full; no eviction)
ywqayuiorv: HIT
fcgqrnwkur: HIT
ueuraxwsdt: HIT
xrurpsgqqy: HIT
ywfogaiggf: MISS (179/1000 full; no eviction)
ewxnafevbg: MISS (180/1000 full; no eviction)
ajecnjnegj: MISS (181/1000 full; no eviction)
sblqxmrbgr: HIT
romjhusjvk: HIT
altbnpdbtq: HIT
uwrjfpkhya: HIT
qryoqauiet: HIT
wydrohgfjv: HIT
enzhfujmpk: HIT
ugpjnjmlsg: HIT
nhrtwweqkf: HIT
bbxivkualx: HIT
dbmreorhhq: HIT
rcrhpjdvjn: HIT
yuouaphjkx: HIT
xoywfulmdk: HIT
riplpjpjup: HIT
skjoaqwlmu: HIT
qryoqauiet: HIT
euwcwiisxt: HIT
altbnpdbtq: HIT
udbzyzrprr: HIT
hwmlwzajdu: HIT
gnebmewerf: HIT
ehmtzbxtlz: HIT
zhfcbuqrcl: HIT
plqqpaybgv: HIT
gkkxylkwqz: HIT
ulcucsafge: HIT
muxvgenlmf: HIT
euwcwiisxt: HIT
acjygqdxjm: HIT
lpwumpbrot: HIT
udbzyzrprr: HIT
mecnvowfmv: HIT
ntfirudrux: HIT
ehmtzbxtlz: HIT
lzfnyhboyo: HIT
vashxdhomg: HIT
ohcidwwxhp: HIT
vashxdhomg: HIT
ezobhgxcnr: HIT
ucfengjgjj: HIT
lpwumpbrot: HIT
gediitvifk: HIT
zpsjlozvqa: HIT
maqmwjvtku: MISS (182/1000 full; no eviction)
ytdfsxswlj: MISS (183/1000 full; no eviction)
peqfzmzedy: HIT
rfuvehllwr: HIT
tocanruzuu: HIT
fvsiokzbez: HIT
ajecnjnegj: HIT
ajecnjnegj: HIT
zhfcbuqrcl: HIT
ueqgbkzapf: HIT
xdjsajbkjy: HIT
tocanruzuu: HIT
ugpjnjmlsg: HIT
fcgqrnwkur: HIT
jgbtwrzrdf: HIT
jaovclguch: HIT
kytdbnwffm: HIT
ohcidwwxhp: HIT
ugpjnjmlsg: HIT
ttflhqemsv: HIT
bhoqiknnwd: HIT
ewxnafevbg: HIT
dhsottjgrz: HIT
buhxvzsvts: HIT
dpqvqjsmec: HIT
jktrivgswu: MISS (184/1000 full; no eviction)
afdgyeiaah: HIT
csnpizegmk: HIT
lzpbgkiwyq: HIT
hevxsfyebl: HIT
bpqlcmlyyi: HIT
acjygqdxjm: HIT
susgtbofpg: MISS (185/1000 full; no eviction)
eacfkvlpvd: HIT
btyvtmfqhq: HIT
tocanruzuu: HIT
riplpjpjup: HIT
sblqxmrbgr: HIT
fhajgudfwi: HIT
iesqhsmjvs: HIT
gkkxylkwqz: HIT
ucfengjgjj: HIT
xoywfulmdk: HIT
osvgltapso: HIT
ktnvjsmhdt: HIT
zpsjlozvqa: HIT
cgivotyfpw: HIT
jclsatgeak: MISS (186/1000 full; no eviction)
seeypvrgwy: HIT
pgclfyzhfz: HIT
buhxvzsvts: HIT
uqitvhwzin: HIT
fsfmpheiri: HIT
tdbuwjcqnl: HIT
eacfkvlpvd: HIT
mshtbelhtm: MISS (187/1000 full; no eviction)
kjyslyjgxa: HIT
hevxsfyebl: HIT
skjoaqwlmu: HIT
nypjnhnghe: HIT
jclsatgeak: HIT
lhrtganqcv: HIT
kytdbnwffm: HIT
exegqiafal: HIT
xbzlwqltje: HIT
lhrtganqcv: HIT
cvgtfrrori: HIT
muxvgenlmf: HIT
plfsuzmygl: MISS (188/1000 full; no eviction)
xattfjtjow: HIT
buhxvzsvts: HIT
bfucjwuxkb: HIT
fhmvjwuvwb: HIT
xwkomrcgij: HIT
fpskcputoh: MISS (189/1000 full; no eviction)
buhxvzsvts: HIT
lhhefagedx: HIT
ntfirudrux: HIT
zmjfmyigoj: HIT
boerpxuowh: HIT
gnebmewerf: HIT
yuouaphjkx: HIT
uoopmwuhcl: HIT
mhonxelzjr: HIT
xoywfulmdk: HIT
xoywfulmdk: HIT
ywqayuiorv: HIT
licqdakoaq: HIT
susgtbofpg: HIT
ywfogaiggf: HIT
xbzlwqltje: HIT
ohcidwwxhp: HIT
kytdbnwffm: HIT
hwmlwzajdu: HIT
jxitssqjfh: HIT
gircvlkbpb: HIT
rshccnoewp: HIT
ixbloxydqa: HIT
vpdavnzghy: HIT
lhrtganqcv: HIT
romjhusjvk: HIT
qkrlhtegpi: HIT
lzfnyhboyo: HIT
euwcwiisxt: HIT
mfbrypovud: HIT
ajecnjnegj: HIT
tdvgtcqwcc: MISS (190/1000 full; no eviction)
fbdeqtxitc: MISS (191/1000 full; no eviction)
ddkdmnrqww: HIT
kpxtkcfdrd: MISS (192/1000 full; no eviction)
emybthyxgc: HIT
osvgltapso: HIT
bbxivkualx: HIT
dbmreorhhq: HIT
tfnjoyxqps: HIT
mxoqsfbsea: HIT
pjkeulvlhs: HIT
jvwgxymroa: HIT
xrurpsgqqy: HIT
jclsatgeak: HIT
hevxsfyebl: HIT
xgkfkdudhb: HIT
qyffcxfaxw: HIT
nrnsnflewy: HIT
ohcidwwxhp: HIT
ftgkkgjemo: HIT
jdxowwcsll: HIT
tfnjoyxqps: HIT
kjyslyjgxa: HIT
vmpzwlhsto: HIT
uoopmwuhcl: HIT
gircvlkbpb: HIT
krzmuiyzsb: HIT
wpfcbmhfms: HIT
qyffcxfaxw: HIT
rcrhpjdvjn: HIT
ixbloxydqa: HIT
boerpxuowh: HIT
xgkfkdudhb: HIT
xattfjtjow: HIT
hghombcitn: HIT
hghombcitn: HIT
qryoqauiet: HIT
dyydzyilwe: HIT
tnarxdnenr: HIT
afdgyeiaah: HIT
lhrtganqcv: HIT
buhxvzsvts: HIT
lzpbgkiwyq: HIT
lrivxzmnnq: HIT
pjkeulvlhs: HIT
vktjppgepl: MISS (193/1000 full; no eviction)
nypjnhnghe: HIT
tnarxdnenr: HIT
qykxeealvw: MISS (194/1000 full; no eviction)
ueqgbkzapf: HIT
vpdavnzghy: HIT
fztjnnamyf: HIT
fafyecuvau: HIT
licqdakoaq: HIT
cpmawzlbxr: HIT
qfsvnududx: HIT
kpxtkcfdrd: HIT
wpfcbmhfms: HIT
ywqayuiorv: HIT
yxtgvryhln: HIT
mhnsudseky: HIT
mxoqsfbsea: HIT
dhsottjgrz: HIT
cgivotyfpw: HIT
jaovclguch: HIT
qoguhssbmd: HIT
qoguhssbmd: HIT
lpwumpbrot: HIT
tnarxdnenr: HIT
anewtbdmde: HIT
blxfdsvush: HIT
rcrhpjdvjn: HIT
cvgtfrrori: HIT
mhnsudseky: HIT
uoopmwuhcl: HIT
plfsuzmygl: HIT
jizjroyjku: MISS (195/1000 full; no eviction)
yxtgvryhln: HIT
rfuvehllwr: HIT
ywqayuiorv: HIT
tmcgleaqbl: HIT
lpwumpbrot: HIT
wpfcbmhfms: HIT
fvsiokzbez: HIT
tnarxdnenr: HIT
pgclfyzhfz: HIT
bbgorbgfnl: HIT
peqfzmzedy: HIT
ixbloxydqa: HIT
lhhefagedx: HIT
uwrjfpkhya: HIT
wydrohgfjv: HIT
ucfengjgjj: HIT
cgivotyfpw: HIT
fvsiokzbez: HIT
paxxjnasoo: HIT
qzzyqhdnjo: HIT
kioehxoade: HIT
fpskcputoh: HIT
afdgyeiaah: HIT
rshccnoewp: HIT
ddkdmnrqww: HIT
kytdbnwffm: HIT
seeypvrgwy: HIT
eqnjwvrmud: HIT
susgtbofpg: HIT
fcgqrnwkur: HIT
tbtsqcldra: HIT
mecnvowfmv: HIT
kytdbnwffm: HIT
bfucjwuxkb: HIT
nrnsnflewy: HIT
riplpjpjup: HIT
fbdeqtxitc: HIT
chznydpdcl: HIT
mwwzmmmokz: MISS (196/1000 full; no eviction)
krzmuiyzsb: HIT
nhrtwweqkf: HIT
vashxdhomg: HIT
afdgyeiaah: HIT
altbnpdbtq: HIT
rcrhpjdvjn: HIT
udbzyzrprr: HIT
jxitssqjfh: HIT
cpmawzlbxr: HIT
ddkdmnrqww: HIT
ehmtzbxtlz: HIT
zpsjlozvqa: HIT
mxoqsfbsea: HIT
pnjbenecip: HIT
jizjroyjku: HIT
altbnpdbtq: HIT
hgsfhulumi: HIT
chznydpdcl: HIT
exegqiafal: HIT
vmpzwlhsto: HIT
mhonxelzjr: HIT
xoywfulmdk: HIT
boerpxuowh: HIT
btyvtmfqhq: HIT
bfucjwuxkb: HIT
sblqxmrbgr: HIT
fbdeqtxitc: HIT
qoguhssbmd: HIT
rpsofnpogc: HIT
seeypvrgwy: HIT
bllkjyhcnc: MISS (197/1000 full; no eviction)
plqqpaybgv: HIT
gircvlkbpb: HIT
qyffcxfaxw: HIT
mwwzmmmokz: HIT
jxitssqjfh: HIT
uqitvhwzin: HIT
lfqbfwejba: HIT
pmbssbytld: HIT
jvwgxymroa: HIT
exegqiafal: HIT
acjygqdxjm: HIT
bradvukwle: HIT
rcrhpjdvjn: HIT
xwkomrcgij: HIT
hevxsfyebl: HIT
ywfogaiggf: HIT
mhonxelzjr: HIT
ehmtzbxtlz: HIT
ttflhqemsv: HIT
xattfjtjow: HIT
ntfirudrux: HIT
fztjnnamyf: HIT
tiyznwbjkq: HIT
osvgltapso: HIT
rcrhpjdvjn: HIT
qlauanlfbq: HIT
fpskcputoh: HIT
buhxvzsvts: HIT
uqitvhwzin: HIT
exegqiafal: HIT
hfnfglnmyt: HIT
hwmlwzajdu: HIT
boerpxuowh: HIT
kfnzioivgw: HIT
zhfcbuqrcl: HIT
tdbuwjcqnl: HIT
xgkfkdudhb: HIT
qyffcxfaxw: HIT
ueuraxwsdt: HIT
wssiqotoir: HIT
yubkhbxlrz: HIT
lpwumpbrot: HIT
afqqwvctyj: HIT
hghombcitn: HIT
ddkdmnrqww: HIT
csnpizegmk: HIT
qykxeealvw: HIT
qryoqauiet: HIT
kfnzioivgw: HIT
ajecnjnegj: HIT
ytdfsxswlj: HIT
ysjabixejv: HIT
lqnelcelre: HIT
fbdeqtxitc: HIT
lpwumpbrot: HIT
qkrlhtegpi: HIT
emybthyxgc: HIT
zhfcbuqrcl: HIT
tfnjoyxqps: HIT
ugpjnjmlsg: HIT
plfsuzmygl: HIT
hevxsfyebl: HIT
bjqudcfajx: MISS (198/1000 full; no eviction)
lhhefagedx: HIT
bpokwokvns: HIT
qyjmdnolgq: HIT
pjkeulvlhs: HIT
susgtbofpg: HIT
eacfkvlpvd: HIT
mwwzmmmokz: HIT
ttflhqemsv: HIT
xdjsajbkjy: HIT
dswfrufooj: HIT
larfdchczk: HIT
mxoqsfbsea: HIT
kioehxoade: HIT
tfnjoyxqps: HIT
dpqvqjsmec: HIT
dswfrufooj: HIT
qkrlhtegpi: HIT
susgtbofpg: HIT
nrnsnflewy: HIT
fztjnnamyf: HIT
lhhefagedx: HIT
nypjnhnghe: HIT
ftgkkgjemo: HIT
tocanruzuu: HIT
tdvgtcqwcc: HIT
fhmvjwuvwb: HIT
jdxowwcsll: HIT
nypjnhnghe: HIT
vashxdhomg: HIT
lhrtganqcv: HIT
ixbloxydqa: HIT
bkcptsdkxd: HIT
gnebmewerf: HIT
szhxxineph: HIT
fvsiokzbez: HIT
krzmuiyzsb: HIT
mxoqsfbsea: HIT
pgclfyzhfz: HIT
kioehxoade: HIT
xwkomrcgij: HIT
ugpjnjmlsg: HIT
vadhminksi: HIT
altbnpdbtq: HIT
xrurpsgqqy: HIT
ucfengjgjj: HIT
ajwbwyoukn: HIT
osvgltapso: HIT
pjkeulvlhs: HIT
hgsfhulumi: HIT
wydrohgfjv: HIT
qlauanlfbq: HIT
ehmtzbxtlz: HIT
hghombcitn: HIT
ftgkkgjemo: HIT
fhmvjwuvwb: HIT
zidpzoksfd: HIT
szhxxineph: HIT
ntfirudrux: HIT
ohcidwwxhp: HIT
szhxxineph: HIT
larfdchczk: HIT
hwmlwzajdu: HIT
qfsvnududx: HIT
vktjppgepl: HIT
jotspcjifj: HIT
tdbuwjcqnl: HIT
muxvgenlmf: HIT
ajwbwyoukn: HIT
mhonxelzjr: HIT
fsfmpheiri: HIT
jktrivgswu: HIT
octqcxwwau: HIT
wpfcbmhfms: HIT
jgbtwrzrdf: HIT
qkrlhtegpi: HIT
bbgorbgfnl: HIT
zmjfmyigoj: HIT
lhrtganqcv: HIT
jgbtwrzrdf: HIT
yuouaphjkx: HIT
plfsuzmygl: HIT
gwbdhocnxo: HIT
nrnsnflewy: HIT
ewxnafevbg: HIT
larfdchczk: HIT
hgsfhulumi: HIT
kfnzioivgw: HIT
ugpjnjmlsg: HIT
boerpxuowh: HIT
fcgqrnwkur: HIT
ucfengjgjj: HIT
jizjroyjku: HIT
wydrohgfjv: HIT
fpskcputoh: HIT
fhmvjwuvwb: HIT
hghombcitn: HIT
plqqpaybgv: HIT
hghombcitn: HIT
ywfogaiggf: HIT
fvsiokzbez: HIT
qryoqauiet: HIT
fpskcputoh: HIT
zpsjlozvqa: HIT
bvntredwvz: HIT
nhrtwweqkf: HIT
peqfzmzedy: HIT
afqqwvctyj: HIT
zrbvdatfqj: HIT
lqnelcelre: HIT
buhxvzsvts: HIT
cgivotyfpw: HIT
vashxdhomg: HIT
kpxtkcfdrd: HIT
ywqayuiorv: HIT
jclsatgeak: HIT
ajwbwyoukn: HIT
rzbcksygqk: HIT
tbtsqcldra: HIT
zmjfmyigoj: HIT
jktrivgswu: HIT
rcrhpjdvjn: HIT
jvwgxymroa: HIT
exegqiafal: HIT
ueuraxwsdt: HIT
gkkxylkwqz: HIT
qryoqauiet: HIT
vkszixltaw: HIT
tbtsqcldra: HIT
mwwzmmmokz: HIT
ucfengjgjj: HIT
qyffcxfaxw: HIT
exegqiafal: HIT
altbnpdbtq: HIT
mshtbelhtm: HIT
bllkjyhcnc: HIT
octqcxwwau: HIT
fpskcputoh: HIT
vmpzwlhsto: HIT
exegqiafal: HIT
jzlazxipvn: HIT
ddkdmnrqww: HIT
kytdbnwffm: HIT
mfbrypovud: HIT
cgivotyfpw: HIT
gnebmewerf: HIT
cpmawzlbxr: HIT
fbdeqtxitc: HIT
buhxvzsvts: HIT
kdkfncufcw: HIT
jaovclguch: HIT
bbgorbgfnl: HIT
ytdfsxswlj: HIT
rzbcksygqk: HIT
sjtniywdhq: HIT
vkszixltaw: HIT
bbxivkualx: HIT
ixnjumiqnn: HIT
jaovclguch: HIT
seeypvrgwy: HIT
rzbcksygqk: HIT
zidpzoksfd: HIT
gircvlkbpb: HIT
ezobhgxcnr: HIT
nrnsnflewy: HIT
tbtsqcldra: HIT
afdgyeiaah: HIT
vhnozntvio: HIT
jotspcjifj: HIT
vpdavnzghy: HIT
xbzlwqltje: HIT
ajwbwyoukn: HIT
hghombcitn: HIT
wpfcbmhfms: HIT
enzhfujmpk: HIT
qyjmdnolgq: HIT
gkkxylkwqz: HIT
pnjbenecip: HIT
lhrtganqcv: HIT
lzmxkmpgxq: HIT
bjqudcfajx: HIT
cvgtfrrori: HIT
mfbrypovud: HIT
rpsofnpogc: HIT
skjoaqwlmu: HIT
hghombcitn: HIT
rjerfvawnq: HIT
ucfengjgjj: HIT
ehmtzbxtlz: HIT
skjoaqwlmu: HIT
djaaucafvr: HIT
seeypvrgwy: HIT
pnjbenecip: HIT
ymjmrcbaqk: HIT
qykxeealvw: HIT
wssiqotoir: HIT
riplpjpjup: HIT
qlauanlfbq: HIT
wxlrgdaxla: HIT
bbgorbgfnl: HIT
krzmuiyzsb: HIT
seeypvrgwy: HIT
lrivxzmnnq: HIT
ohcidwwxhp: HIT
anewtbdmde: HIT
tbtsqcldra: HIT
paxxjnasoo: HIT
fhmvjwuvwb: HIT
ezobhgxcnr: HIT
wpfcbmhfms: HIT
ehmtzbxtlz: HIT
xrurpsgqqy: HIT
iesqhsmjvs: HIT
afdgyeiaah: HIT
xattfjtjow: HIT
yubkhbxlrz: HIT
zhfcbuqrcl: HIT
ddkdmnrqww: HIT
cvgtfrrori: HIT
buhxvzsvts: HIT
eacfkvlpvd: HIT
fvsiokzbez: HIT
jktrivgswu: HIT
ajwbwyoukn: HIT
gkkxylkwqz: HIT
rpsofnpogc: HIT
kdkfncufcw: HIT
kioehxoade: HIT
altbnpdbtq: HIT
susgtbofpg: HIT
btyvtmfqhq: HIT
rcrhpjdvjn: HIT
bhoqiknnwd: HIT
csnpizegmk: HIT
altbnpdbtq: HIT
pnjbenecip: HIT
romjhusjvk: HIT
rfuvehllwr: HIT
jaovclguch: HIT
vhnozntvio: HIT
tgwtayagnx: MISS (199/1000 full; no eviction)
seeypvrgwy: HIT
gircvlkbpb: HIT
wssiqotoir: HIT
riplpjpjup: HIT
szhxxineph: HIT
zidpzoksfd: HIT
kjyslyjgxa: HIT
kdkfncufcw: HIT
--------------------------------
FINAL CACHE CONFIGURATION:
--------------------------------
kdkfncufcw
kjyslyjgxa
zidpzoksfd
szhxxineph
riplpjpjup
wssiqotoir
gircvlkbpb
seeypvrgwy
tgwtayagnx
vhnozntvio
jaovclguch
rfuvehllwr
romjhusjvk
pnjbenecip
altbnpdbtq
csnpizegmk
bhoqiknnwd
rcrhpjdvjn
btyvtmfqhq
susgtbofpg
kioehxoade
rpsofnpogc
gkkxylkwqz
ajwbwyoukn
jktrivgswu
fvsiokzbez
eacfkvlpvd
buhxvzsvts
cvgtfrrori
ddkdmnrqww
zhfcbuqrcl
yubkhbxlrz
xattfjtjow
afdgyeiaah
iesqhsmjvs
xrurpsgqqy
ehmtzbxtlz
wpfcbmhfms
ezobhgxcnr
fhmvjwuvwb
paxxjnasoo
tbtsqcldra
anewtbdmde
ohcidwwxhp
lrivxzmnnq
krzmuiyzsb
bbgorbgfnl
wxlrgdaxla
qlauanlfbq
qykxeealvw
ymjmrcbaqk
djaaucafvr
skjoaqwlmu
ucfengjgjj
rjerfvawnq
hghombcitn
mfbrypovud
bjqudcfajx
lzmxkmpgxq
lhrtganqcv
qyjmdnolgq
enzhfujmpk
xbzlwqltje
vpdavnzghy
jotspcjifj
nrnsnflewy
rzbcksygqk
ixnjumiqnn
bbxivkualx
vkszixltaw
sjtniywdhq
ytdfsxswlj
fbdeqtxitc
cpmawzlbxr
gnebmewerf
cgivotyfpw
kytdbnwffm
jzlazxipvn
exegqiafal
vmpzwlhsto
fpskcputoh
octqcxwwau
bllkjyhcnc
mshtbelhtm
qyffcxfaxw
mwwzmmmokz
qryoqauiet
ueuraxwsdt
jvwgxymroa
zmjfmyigoj
jclsatgeak
ywqayuiorv
kpxtkcfdrd
vashxdhomg
lqnelcelre
zrbvdatfqj
afqqwvctyj
peqfzmzedy
nhrtwweqkf
bvntredwvz
zpsjlozvqa
ywfogaiggf
plqqpaybgv
wydrohgfjv
jizjroyjku
fcgqrnwkur
boerpxuowh
ugpjnjmlsg
kfnzioivgw
hgsfhulumi
larfdchczk
ewxnafevbg
gwbdhocnxo
plfsuzmygl
yuouaphjkx
jgbtwrzrdf
qkrlhtegpi
fsfmpheiri
mhonxelzjr
muxvgenlmf
tdbuwjcqnl
vktjppgepl
qfsvnududx
hwmlwzajdu
ntfirudrux
ftgkkgjemo
pjkeulvlhs
osvgltapso
vadhminksi
xwkomrcgij
pgclfyzhfz
mxoqsfbsea
bkcptsdkxd
ixbloxydqa
nypjnhnghe
jdxowwcsll
tdvgtcqwcc
tocanruzuu
lhhefagedx
fztjnnamyf
dswfrufooj
dpqvqjsmec
tfnjoyxqps
xdjsajbkjy
ttflhqemsv
bpokwokvns
hevxsfyebl
emybthyxgc
lpwumpbrot
ysjabixejv
ajecnjnegj
xgkfkdudhb
hfnfglnmyt
uqitvhwzin
tiyznwbjkq
bradvukwle
acjygqdxjm
pmbssbytld
lfqbfwejba
jxitssqjfh
qoguhssbmd
sblqxmrbgr
bfucjwuxkb
xoywfulmdk
chznydpdcl
udbzyzrprr
mecnvowfmv
eqnjwvrmud
rshccnoewp
qzzyqhdnjo
uwrjfpkhya
tnarxdnenr
tmcgleaqbl
yxtgvryhln
uoopmwuhcl
mhnsudseky
blxfdsvush
dhsottjgrz
licqdakoaq
fafyecuvau
ueqgbkzapf
lzpbgkiwyq
dyydzyilwe
dbmreorhhq
euwcwiisxt
lzfnyhboyo
ktnvjsmhdt
fhajgudfwi
bpqlcmlyyi
maqmwjvtku
gediitvifk
ulcucsafge
gfuywqusvn
fyekdjykua
qyzqhybhbh
cmxizvuncg
zvooyxjttn
tyryazmpou
txzbszjyld
